
./octez-client --protocol PtLimaPtLMwfNinJi9rCfDPWea8dFgTZ1MeJ9f1m2SRic6ayiwW --mode mockup --no-base-dir-warnings typecheck script michelson_test_scripts/mini_scenarios/very_small.tz --details
Well typed
Gas remaining: 1039997.443 units remaining
{ parameter unit ;
  storage unit ;
  code { UNPAIR
         /* [ unit : unit ] */ ;
         DROP
         /* [ unit ] */ ;
         NIL operation
         /* [ list operation : unit ] */ ;
         PAIR
         /* [ pair (list operation) unit ] */ } }
