
./octez-client --protocol PtLimaPtLMwfNinJi9rCfDPWea8dFgTZ1MeJ9f1m2SRic6ayiwW --mode mockup --no-base-dir-warnings typecheck script michelson_test_scripts/mini_scenarios/tickets_receive_and_store.tz --details
Well typed
Gas remaining: 1039997.074 units remaining
{ parameter (ticket string) ;
  storage (option (ticket string)) ;
  code { CAR
         /* [ ticket string ] */ ;
         SOME
         /* [ option (ticket string) ] */ ;
         NIL operation
         /* [ list operation : option (ticket string) ] */ ;
         PAIR
         /* [ pair (list operation) (option (ticket string)) ] */ } }
