
./octez-client --protocol PtMumbaiP9THCizHVy23Zu3xCjTpNLWirfXY3kitfyd2nkvTbCj --mode mockup --no-base-dir-warnings typecheck script tests_python/contracts_016/opcodes/source.tz --details
Well typed
Gas remaining: 1039997.443 units remaining
{ parameter unit ;
  storage address ;
  code { DROP
         /* [] */ ;
         SOURCE
         /* [ address ] */ ;
         NIL operation
         /* [ list operation : address ] */ ;
         PAIR
         /* [ pair (list operation) address ] */ } }
