
./octez-client --protocol PtMumbaiiFFEGbew1rRjzSPyzRbA51Tm3RVZL5suHPxSZYDhCEc --mode mockup --no-base-dir-warnings typecheck script tests_python/contracts_016/mini_scenarios/receive_tickets_in_big_map.tz --details
Well typed
Gas remaining: 1039997.029 units remaining
{ parameter (big_map int (ticket string)) ;
  storage (big_map int (ticket string)) ;
  code { CAR
         /* [ big_map int (ticket string) ] */ ;
         NIL operation
         /* [ list operation : big_map int (ticket string) ] */ ;
         PAIR
         /* [ pair (list operation) (big_map int (ticket string)) ] */ } }
