
./octez-client --protocol PtMumbaiiFFEGbew1rRjzSPyzRbA51Tm3RVZL5suHPxSZYDhCEc --mode mockup --no-base-dir-warnings typecheck script tests_python/contracts_016/opcodes/bytes.tz --details
Well typed
Gas remaining: 1039997.907 units remaining
{ parameter bytes ;
  storage unit ;
  code { CDR
         /* [ unit ] */ ;
         NIL operation
         /* [ list operation : unit ] */ ;
         PAIR
         /* [ pair (list operation) unit ] */ } }
