
./octez-client --protocol PtMumbaiiFFEGbew1rRjzSPyzRbA51Tm3RVZL5suHPxSZYDhCEc --mode mockup --no-base-dir-warnings typecheck script michelson_test_scripts/mini_scenarios/tickets_blackhole_016.tz --details
Well typed
Gas remaining: 1039997.823 units remaining
{ parameter (ticket %ticket string) ;
  storage unit ;
  code { CDR
         /* [ unit ] */ ;
         NIL operation
         /* [ list operation : unit ] */ ;
         PAIR
         /* [ pair (list operation) unit ] */ } }
