
./octez-client --protocol PtNairobi9MxcBmKF7avFwkUohUu9KuxHt3w9cBmJ7ULqPD7cY5 --mode mockup --no-base-dir-warnings typecheck script michelson_test_scripts/opcodes/contract.tz --details
Well typed
Gas remaining: 1039994.190 units remaining
{ parameter address ;
  storage unit ;
  code { CAR
         /* [ address ] */ ;
         CONTRACT unit
         /* [ option (contract unit) ] */ ;
         ASSERT_SOME ;
         DROP
         /* [] */ ;
         UNIT
         /* [ unit ] */ ;
         NIL operation
         /* [ list operation : unit ] */ ;
         PAIR
         /* [ pair (list operation) unit ] */ } }
