
./octez-client --protocol PtNairobi9MxcBmKF7avFwkUohUu9KuxHt3w9cBmJ7ULqPD7cY5 --mode mockup --no-base-dir-warnings typecheck script michelson_test_scripts/attic/always.tz --details
Well typed
Gas remaining: 1039995.941 units remaining
{ parameter nat ;
  storage (pair nat bool) ;
  code { CAR
         /* [ nat ] */ ;
         PUSH bool True
         /* [ bool : nat ] */ ;
         SWAP
         /* [ nat : bool ] */ ;
         PAIR
         /* [ pair nat bool ] */ ;
         NIL operation
         /* [ list operation : pair nat bool ] */ ;
         PAIR
         /* [ pair (list operation) nat bool ] */ } }
