
./octez-client --protocol PtNairobi9MxcBmKF7avFwkUohUu9KuxHt3w9cBmJ7ULqPD7cY5 --mode mockup --no-base-dir-warnings typecheck script michelson_test_scripts/opcodes/list_concat_bytes.tz --details
Well typed
Gas remaining: 1039996.374 units remaining
{ parameter (list bytes) ;
  storage bytes ;
  code { UNPAIR
         /* [ list bytes : bytes ] */ ;
         SWAP
         /* [ bytes : list bytes ] */ ;
         CONS
         /* [ list bytes ] */ ;
         CONCAT
         /* [ bytes ] */ ;
         NIL operation
         /* [ list operation : bytes ] */ ;
         PAIR
         /* [ pair (list operation) bytes ] */ } }
