
./octez-client --protocol PtKathmankSpLLDALzWw7CGD2j2MtyveTwboEYokqUCP4a1LxMg --mode mockup --no-base-dir-warnings run script ./tests_python/contracts_014/opcodes/set_iter.tz on storage 111 and input '{ 1 }' --level 1 --trace-stack
storage
  1
emitted operations
  
big_map diff
  
trace
  - location: 8 (remaining gas: 1039993.023 units remaining)
    [ (Pair { 1 } 111) ]
  - location: 8 (remaining gas: 1039993.013 units remaining)
    [ { 1 } ]
  - location: 9 (remaining gas: 1039993.003 units remaining)
    [ 0
      { 1 } ]
  - location: 12 (remaining gas: 1039992.993 units remaining)
    [ { 1 }
      0 ]
  - location: 13 (remaining gas: 1039992.993 units remaining)
    [ 1
      0 ]
  - location: 15 (remaining gas: 1039992.958 units remaining)
    [ 1 ]
  - location: 13 (remaining gas: 1039992.948 units remaining)
    [ 1 ]
  - location: 16 (remaining gas: 1039992.938 units remaining)
    [ {}
      1 ]
  - location: 18 (remaining gas: 1039992.928 units remaining)
    [ (Pair {} 1) ]

