
./octez-client --protocol PtKathmankSpLLDALzWw7CGD2j2MtyveTwboEYokqUCP4a1LxMg --mode mockup --no-base-dir-warnings run script ./tests_python/contracts_014/opcodes/set_id.tz on storage '{}' and input '{}' --level 1 --trace-stack
storage
  {}
emitted operations
  
big_map diff
  
trace
  - location: 9 (remaining gas: 1039995.925 units remaining)
    [ (Pair {} {}) ]
  - location: 9 (remaining gas: 1039995.915 units remaining)
    [ {} ]
  - location: 10 (remaining gas: 1039995.905 units remaining)
    [ {}
      {} ]
  - location: 12 (remaining gas: 1039995.895 units remaining)
    [ (Pair {} {}) ]

