
./octez-client --protocol PtKathmankSpLLDALzWw7CGD2j2MtyveTwboEYokqUCP4a1LxMg --mode mockup --no-base-dir-warnings run script ./tests_python/contracts_014/opcodes/get_and_update_map.tz on storage '(Pair None { Elt "hello" 4 })' and input '"hello"' --level 1 --trace-stack
storage
  (Pair (Some 4) {})
emitted operations
  
big_map diff
  
trace
  - location: 13 (remaining gas: 1039991.622 units remaining)
    [ (Pair "hello" None { Elt "hello" 4 }) ]
  - location: 13 (remaining gas: 1039991.612 units remaining)
    [ "hello"
      (Pair None { Elt "hello" 4 }) ]
  - location: 14 (remaining gas: 1039991.612 units remaining)
    [ (Pair None { Elt "hello" 4 }) ]
  - location: 16 (remaining gas: 1039991.602 units remaining)
    [ None
      { Elt "hello" 4 } ]
  - location: 14 (remaining gas: 1039991.582 units remaining)
    [ "hello"
      None
      { Elt "hello" 4 } ]
  - location: 17 (remaining gas: 1039991.472 units remaining)
    [ (Some 4)
      {} ]
  - location: 18 (remaining gas: 1039991.462 units remaining)
    [ (Pair (Some 4) {}) ]
  - location: 19 (remaining gas: 1039991.452 units remaining)
    [ {}
      (Pair (Some 4) {}) ]
  - location: 21 (remaining gas: 1039991.442 units remaining)
    [ (Pair {} (Some 4) {}) ]

