
./octez-client --protocol PtKathmankSpLLDALzWw7CGD2j2MtyveTwboEYokqUCP4a1LxMg --mode mockup --no-base-dir-warnings run script ./tests_python/contracts_014/opcodes/bls12_381_fr_to_int.tz on storage 0 and input 0x01 --level 1 --trace-stack
storage
  1
emitted operations
  
big_map diff
  
trace
  - location: 7 (remaining gas: 1039995.613 units remaining)
    [ (Pair 0x0100000000000000000000000000000000000000000000000000000000000000 0) ]
  - location: 7 (remaining gas: 1039995.603 units remaining)
    [ 0x0100000000000000000000000000000000000000000000000000000000000000 ]
  - location: 8 (remaining gas: 1039995.488 units remaining)
    [ 1 ]
  - location: 9 (remaining gas: 1039995.478 units remaining)
    [ {}
      1 ]
  - location: 11 (remaining gas: 1039995.468 units remaining)
    [ (Pair {} 1) ]

