
./octez-client --protocol PtKathmankSpLLDALzWw7CGD2j2MtyveTwboEYokqUCP4a1LxMg --mode mockup --no-base-dir-warnings run script ./tests_python/contracts_014/opcodes/concat_list.tz on storage '""' and input '{}' --level 1 --trace-stack
storage
  ""
emitted operations
  
big_map diff
  
trace
  - location: 8 (remaining gas: 1039989.418 units remaining)
    [ (Pair {} "") ]
  - location: 8 (remaining gas: 1039989.408 units remaining)
    [ {} ]
  - location: 9 (remaining gas: 1039989.398 units remaining)
    [ ""
      {} ]
  - location: 12 (remaining gas: 1039989.388 units remaining)
    [ {}
      "" ]
  - location: 13 (remaining gas: 1039989.388 units remaining)
    [ "" ]
  - location: 24 (remaining gas: 1039989.378 units remaining)
    [ {}
      "" ]
  - location: 26 (remaining gas: 1039989.368 units remaining)
    [ (Pair {} "") ]

