
./octez-client --wait none originate sc rollup from bootstrap1 of kind arith of type bytes booting with  --burn-cap 9999999
Node is bootstrapped.
Estimated gas: 2709.909 units (will add 100 for safety)
Estimated storage: 6520 bytes added (will add 20 for safety)
Operation successfully injected in the node.
Operation hash is '[OPERATION_HASH]'
NOT waiting for the operation to be included.
Use command
  octez-client wait for [OPERATION_HASH] to be included --confirmations 1 --branch [BLOCK_HASH]
and/or an external block explorer to make sure that it has been included.
This sequence of operations was run:
  Manager signed operations:
    From: [PUBLIC_KEY_HASH]
    Fee to the baker: ꜩ0.000629
    Expected counter: 1
    Gas limit: 2810
    Storage limit: 6540 bytes
    Balance updates:
      [PUBLIC_KEY_HASH] ... -ꜩ0.000629
      payload fees(the block proposer) ....... +ꜩ0.000629
    Smart contract rollup origination:
      Kind: arith
      Parameter type: bytes
      Boot sector Blake2B hash: '0e5751c026e543b2e8ab2eb06099daa1d1e5df47778f7787faab45cdf12fe3a8'
      This smart contract rollup origination was successfully applied
      Consumed gas: 2709.909
      Storage size: 6520 bytes
      Address: [SC_ROLLUP_HASH]
      Genesis commitment hash: [SC_ROLLUP_COMMITMENT_HASH]
      Balance updates:
        [PUBLIC_KEY_HASH] ... -ꜩ1.63
        storage fees ........................... +ꜩ1.63


./octez-client --wait none send sc rollup message 'hex:["3337204b543153364537793463703851657451516a555467784d646f6d706a4b66386f7377675525617578"]' from bootstrap2
Node is bootstrapped.
Estimated gas: 1000.086 units (will add 100 for safety)
Estimated storage: no bytes added
Operation successfully injected in the node.
Operation hash is '[OPERATION_HASH]'
NOT waiting for the operation to be included.
Use command
  octez-client wait for [OPERATION_HASH] to be included --confirmations 1 --branch [BLOCK_HASH]
and/or an external block explorer to make sure that it has been included.
This sequence of operations was run:
  Manager signed operations:
    From: [PUBLIC_KEY_HASH]
    Fee to the baker: ꜩ0.000386
    Expected counter: 1
    Gas limit: 1101
    Storage limit: 0 bytes
    Balance updates:
      [PUBLIC_KEY_HASH] ... -ꜩ0.000386
      payload fees(the block proposer) ....... +ꜩ0.000386
    Smart contract rollup messages submission
      This smart contract rollup messages submission was successfully applied
      Consumed gas: 1000.086


./octez-client --wait none execute outbox message of sc rollup '[SC_ROLLUP_HASH]' from '[PUBLIC_KEY_HASH]' for commitment hash '[SC_ROLLUP_COMMITMENT_HASH]' and output proof 0x030000b2d0a9d5f4403e869bc2c15974516c33a60fab97ba3221b6eded8c13665f81e1b2d0a9d5f4403e869bc2c15974516c33a60fab97ba3221b6eded8c13665f81e1900b626f6f745f736563746f72c8baff5f78423676a25d9cd27a412dd932327b9b3e1cc26e754a36410a5efbf7b404636f6465d0d3ba29c544461a2288af2c689a1e460b2194b7ca43d9119fd860a99ef9526c2f0d63757272656e745f6c6576656cc87c712a98763ef0f7dc84b32ccd664529f8870febc2cf5ebd08c9d8c53cd921eb116576616c756174696f6e5f726573756c74c8eda4dcfc891aa48bb021d3ed729b7efc072bfccb367c623f60ed227bc4de490518696e7465726e616c5f6d6573736167655f636f756e746572c863c8a7d7c1e23bed545e7630f6f7e90acb8530d993e5d2c2897fa63ac2f90aee0c6c657865725f627566666572c83d74bfd402a0ddcbb4191936d06a813faf4bb78074d99edea947dad189aeaacd0f6d6573736167655f636f756e746572c8fdba9c9eaf85805b298818a3a591547ee7ab9f0e8cb55dd8b535e20498fe1880086d65746164617461c8281aa0d07cc2e6d0380db2abd7a5d06b9d4a370e633cd45444bbd6a626d6c8c50c6e6578745f6d657373616765c8bf64cb3e98695617de52722a0f83ea006d66011d689999ce49cc1de2aeb57775066f7574707574810130c805639510aee988ab3152135cb7851c3eb7d8e19f3b0b5d61a761107951ded1dd0e6f75747075745f636f756e746572c8407f958990678e2e9fb06758bc6520dae46d838d39948a4c51a5b19bd079293d0c7061727365725f7374617465c8407f958990678e2e9fb06758bc6520dae46d838d39948a4c51a5b19bd079293d0e70617273696e675f726573756c74c8eda4dcfc891aa48bb021d3ed729b7efc072bfccb367c623f60ed227bc4de490505737461636bd0ea0b71581cf3b3263274851515fd06b757312f45494fc5ca9900bd8577e20fc306737461747573c8407f958990678e2e9fb06758bc6520dae46d838d39948a4c51a5b19bd079293d047469636bc8fe219ea929e0fea29ed62a0bf169f24116c16c2380a05e24ab744694a2104b46b2d0a9d5f4403e869bc2c15974516c33a60fab97ba3221b6eded8c13665f81e10000000500000000001f002501c00c5e4e94a48a49e267873112bbe3cf3373be5b0000000003617578 --burn-cap 10
Node is bootstrapped.
Estimated gas: 5969.758 units (will add 100 for safety)
Estimated storage: 5 bytes added (will add 20 for safety)
Operation successfully injected in the node.
Operation hash is '[OPERATION_HASH]'
NOT waiting for the operation to be included.
Use command
  octez-client wait for [OPERATION_HASH] to be included --confirmations 1 --branch [BLOCK_HASH]
and/or an external block explorer to make sure that it has been included.
This sequence of operations was run:
  Manager signed operations:
    From: [PUBLIC_KEY_HASH]
    Fee to the baker: ꜩ0.001773
    Expected counter: 2
    Gas limit: 6070
    Storage limit: 25 bytes
    Balance updates:
      [PUBLIC_KEY_HASH] ... -ꜩ0.001773
      payload fees(the block proposer) ....... +ꜩ0.001773
    Smart contract output message execution:
      Address: [SC_ROLLUP_HASH]
      Cemented commitment: [SC_ROLLUP_COMMITMENT_HASH]
      This smart contract output message execution was successfully applied
      Paid storage size diff: 5 bytes
      Consumed gas: 4766.619
      Balance updates:
        [PUBLIC_KEY_HASH] ... -ꜩ0.00125
        storage fees ........................... +ꜩ0.00125
      Internal operations:
        Internal Transaction:
          Amount: ꜩ0
          From: [PUBLIC_KEY_HASH]
          To: [CONTRACT_HASH]
          Entrypoint: aux
          Parameter: 37
          This transaction was successfully applied
          Updated storage: 37
          Storage size: 92 bytes
          Consumed gas: 1203.139

