

{
  "opponent": "tz1faswCTDciRzE4oJ9jn2Vm2dvjeyA9fUzU",
  "start_tick": "0",
  "end_tick": "990000000000",
  "dissection": [
    {
      "tick": "0"
    },
    {
      "tick": "22000000000"
    },
    {
      "tick": "44000000000"
    },
    {
      "tick": "66000000000"
    },
    {
      "tick": "88000000000"
    },
    {
      "tick": "110000000000"
    },
    {
      "tick": "132000000000"
    },
    {
      "tick": "165000000000"
    },
    {
      "tick": "198000000000"
    },
    {
      "tick": "231000000000"
    },
    {
      "tick": "264000000000"
    },
    {
      "tick": "297000000000"
    },
    {
      "tick": "330000000000"
    },
    {
      "tick": "363000000000"
    },
    {
      "tick": "396000000000"
    },
    {
      "tick": "429000000000"
    },
    {
      "tick": "462000000000"
    },
    {
      "tick": "495000000000"
    },
    {
      "tick": "528000000000"
    },
    {
      "tick": "561000000000"
    },
    {
      "tick": "594000000000"
    },
    {
      "tick": "627000000000"
    },
    {
      "tick": "660000000000"
    },
    {
      "tick": "693000000000"
    },
    {
      "tick": "726000000000"
    },
    {
      "tick": "759000000000"
    },
    {
      "tick": "792000000000"
    },
    {
      "tick": "825000000000"
    },
    {
      "tick": "858000000000"
    },
    {
      "tick": "891000000000"
    },
    {
      "tick": "924000000000"
    },
    {
      "tick": "957000000000"
    },
    {
      "tick": "990000000000"
    }
  ]
}


{
  "opponent": "tz1faswCTDciRzE4oJ9jn2Vm2dvjeyA9fUzU",
  "start_tick": "396000000000",
  "end_tick": "407000000000",
  "dissection": [
    {
      "tick": "396000000000"
    },
    {
      "tick": "396343750000"
    },
    {
      "tick": "396687500000"
    },
    {
      "tick": "397031250000"
    },
    {
      "tick": "397375000000"
    },
    {
      "tick": "397718750000"
    },
    {
      "tick": "398062500000"
    },
    {
      "tick": "398406250000"
    },
    {
      "tick": "398750000000"
    },
    {
      "tick": "399093750000"
    },
    {
      "tick": "399437500000"
    },
    {
      "tick": "399781250000"
    },
    {
      "tick": "400125000000"
    },
    {
      "tick": "400468750000"
    },
    {
      "tick": "400812500000"
    },
    {
      "tick": "401156250000"
    },
    {
      "tick": "401500000000"
    },
    {
      "tick": "401843750000"
    },
    {
      "tick": "402187500000"
    },
    {
      "tick": "402531250000"
    },
    {
      "tick": "402875000000"
    },
    {
      "tick": "403218750000"
    },
    {
      "tick": "403562500000"
    },
    {
      "tick": "403906250000"
    },
    {
      "tick": "404250000000"
    },
    {
      "tick": "404593750000"
    },
    {
      "tick": "404937500000"
    },
    {
      "tick": "405281250000"
    },
    {
      "tick": "405625000000"
    },
    {
      "tick": "405968750000"
    },
    {
      "tick": "406312500000"
    },
    {
      "tick": "406656250000"
    },
    {
      "tick": "407000000000"
    }
  ]
}


{
  "opponent": "tz1faswCTDciRzE4oJ9jn2Vm2dvjeyA9fUzU",
  "start_tick": "396000000000",
  "end_tick": "396010742187",
  "dissection": [
    {
      "tick": "396000000000"
    },
    {
      "tick": "396000335693"
    },
    {
      "tick": "396000671386"
    },
    {
      "tick": "396001007079"
    },
    {
      "tick": "396001342772"
    },
    {
      "tick": "396001678465"
    },
    {
      "tick": "396002014158"
    },
    {
      "tick": "396002349851"
    },
    {
      "tick": "396002685544"
    },
    {
      "tick": "396003021237"
    },
    {
      "tick": "396003356930"
    },
    {
      "tick": "396003692623"
    },
    {
      "tick": "396004028316"
    },
    {
      "tick": "396004364009"
    },
    {
      "tick": "396004699702"
    },
    {
      "tick": "396005035395"
    },
    {
      "tick": "396005371088"
    },
    {
      "tick": "396005706781"
    },
    {
      "tick": "396006042474"
    },
    {
      "tick": "396006378167"
    },
    {
      "tick": "396006713860"
    },
    {
      "tick": "396007049553"
    },
    {
      "tick": "396007385246"
    },
    {
      "tick": "396007720939"
    },
    {
      "tick": "396008056632"
    },
    {
      "tick": "396008392325"
    },
    {
      "tick": "396008728018"
    },
    {
      "tick": "396009063711"
    },
    {
      "tick": "396009399404"
    },
    {
      "tick": "396009735097"
    },
    {
      "tick": "396010070790"
    },
    {
      "tick": "396010406483"
    },
    {
      "tick": "396010742187"
    }
  ]
}


{
  "opponent": "tz1faswCTDciRzE4oJ9jn2Vm2dvjeyA9fUzU",
  "start_tick": "396000000000",
  "end_tick": "396000010490",
  "dissection": [
    {
      "tick": "396000000000"
    },
    {
      "tick": "396000000327"
    },
    {
      "tick": "396000000654"
    },
    {
      "tick": "396000000981"
    },
    {
      "tick": "396000001308"
    },
    {
      "tick": "396000001635"
    },
    {
      "tick": "396000001962"
    },
    {
      "tick": "396000002289"
    },
    {
      "tick": "396000002616"
    },
    {
      "tick": "396000002943"
    },
    {
      "tick": "396000003270"
    },
    {
      "tick": "396000003597"
    },
    {
      "tick": "396000003924"
    },
    {
      "tick": "396000004251"
    },
    {
      "tick": "396000004578"
    },
    {
      "tick": "396000004905"
    },
    {
      "tick": "396000005232"
    },
    {
      "tick": "396000005559"
    },
    {
      "tick": "396000005886"
    },
    {
      "tick": "396000006213"
    },
    {
      "tick": "396000006540"
    },
    {
      "tick": "396000006867"
    },
    {
      "tick": "396000007194"
    },
    {
      "tick": "396000007521"
    },
    {
      "tick": "396000007848"
    },
    {
      "tick": "396000008175"
    },
    {
      "tick": "396000008502"
    },
    {
      "tick": "396000008829"
    },
    {
      "tick": "396000009156"
    },
    {
      "tick": "396000009483"
    },
    {
      "tick": "396000009810"
    },
    {
      "tick": "396000010137"
    },
    {
      "tick": "396000010490"
    }
  ]
}


{
  "opponent": "tz1faswCTDciRzE4oJ9jn2Vm2dvjeyA9fUzU",
  "start_tick": "396000000000",
  "end_tick": "396000000010",
  "dissection": [
    {
      "tick": "396000000000"
    },
    {
      "tick": "396000000001"
    },
    {
      "tick": "396000000002"
    },
    {
      "tick": "396000000003"
    },
    {
      "tick": "396000000004"
    },
    {
      "tick": "396000000005"
    },
    {
      "tick": "396000000006"
    },
    {
      "tick": "396000000007"
    },
    {
      "tick": "396000000008"
    },
    {
      "tick": "396000000009"
    },
    {
      "tick": "396000000010"
    }
  ]
}


{
  "opponent": "tz1gjaF81ZRRvdzjobyfVNsAeSC6PScjfQwN",
  "start_tick": "0",
  "end_tick": "990000000000",
  "dissection": [
    {
      "tick": "0"
    },
    {
      "tick": "22000000000"
    },
    {
      "tick": "44000000000"
    },
    {
      "tick": "66000000000"
    },
    {
      "tick": "88000000000"
    },
    {
      "tick": "110000000000"
    },
    {
      "tick": "132000000000"
    },
    {
      "tick": "165000000000"
    },
    {
      "tick": "198000000000"
    },
    {
      "tick": "231000000000"
    },
    {
      "tick": "264000000000"
    },
    {
      "tick": "297000000000"
    },
    {
      "tick": "330000000000"
    },
    {
      "tick": "363000000000"
    },
    {
      "tick": "396000000000"
    },
    {
      "tick": "429000000000"
    },
    {
      "tick": "462000000000"
    },
    {
      "tick": "495000000000"
    },
    {
      "tick": "528000000000"
    },
    {
      "tick": "561000000000"
    },
    {
      "tick": "594000000000"
    },
    {
      "tick": "627000000000"
    },
    {
      "tick": "660000000000"
    },
    {
      "tick": "693000000000"
    },
    {
      "tick": "726000000000"
    },
    {
      "tick": "759000000000"
    },
    {
      "tick": "792000000000"
    },
    {
      "tick": "825000000000"
    },
    {
      "tick": "858000000000"
    },
    {
      "tick": "891000000000"
    },
    {
      "tick": "924000000000"
    },
    {
      "tick": "957000000000"
    },
    {
      "tick": "990000000000"
    }
  ]
}


{
  "opponent": "tz1gjaF81ZRRvdzjobyfVNsAeSC6PScjfQwN",
  "start_tick": "99000000000",
  "end_tick": "110000000000",
  "dissection": [
    {
      "tick": "99000000000"
    },
    {
      "tick": "99343750000"
    },
    {
      "tick": "99687500000"
    },
    {
      "tick": "100031250000"
    },
    {
      "tick": "100375000000"
    },
    {
      "tick": "100718750000"
    },
    {
      "tick": "101062500000"
    },
    {
      "tick": "101406250000"
    },
    {
      "tick": "101750000000"
    },
    {
      "tick": "102093750000"
    },
    {
      "tick": "102437500000"
    },
    {
      "tick": "102781250000"
    },
    {
      "tick": "103125000000"
    },
    {
      "tick": "103468750000"
    },
    {
      "tick": "103812500000"
    },
    {
      "tick": "104156250000"
    },
    {
      "tick": "104500000000"
    },
    {
      "tick": "104843750000"
    },
    {
      "tick": "105187500000"
    },
    {
      "tick": "105531250000"
    },
    {
      "tick": "105875000000"
    },
    {
      "tick": "106218750000"
    },
    {
      "tick": "106562500000"
    },
    {
      "tick": "106906250000"
    },
    {
      "tick": "107250000000"
    },
    {
      "tick": "107593750000"
    },
    {
      "tick": "107937500000"
    },
    {
      "tick": "108281250000"
    },
    {
      "tick": "108625000000"
    },
    {
      "tick": "108968750000"
    },
    {
      "tick": "109312500000"
    },
    {
      "tick": "109656250000"
    },
    {
      "tick": "110000000000"
    }
  ]
}


{
  "opponent": "tz1gjaF81ZRRvdzjobyfVNsAeSC6PScjfQwN",
  "start_tick": "99000000000",
  "end_tick": "99010742187",
  "dissection": [
    {
      "tick": "99000000000"
    },
    {
      "tick": "99000335693"
    },
    {
      "tick": "99000671386"
    },
    {
      "tick": "99001007079"
    },
    {
      "tick": "99001342772"
    },
    {
      "tick": "99001678465"
    },
    {
      "tick": "99002014158"
    },
    {
      "tick": "99002349851"
    },
    {
      "tick": "99002685544"
    },
    {
      "tick": "99003021237"
    },
    {
      "tick": "99003356930"
    },
    {
      "tick": "99003692623"
    },
    {
      "tick": "99004028316"
    },
    {
      "tick": "99004364009"
    },
    {
      "tick": "99004699702"
    },
    {
      "tick": "99005035395"
    },
    {
      "tick": "99005371088"
    },
    {
      "tick": "99005706781"
    },
    {
      "tick": "99006042474"
    },
    {
      "tick": "99006378167"
    },
    {
      "tick": "99006713860"
    },
    {
      "tick": "99007049553"
    },
    {
      "tick": "99007385246"
    },
    {
      "tick": "99007720939"
    },
    {
      "tick": "99008056632"
    },
    {
      "tick": "99008392325"
    },
    {
      "tick": "99008728018"
    },
    {
      "tick": "99009063711"
    },
    {
      "tick": "99009399404"
    },
    {
      "tick": "99009735097"
    },
    {
      "tick": "99010070790"
    },
    {
      "tick": "99010406483"
    },
    {
      "tick": "99010742187"
    }
  ]
}


{
  "opponent": "tz1gjaF81ZRRvdzjobyfVNsAeSC6PScjfQwN",
  "start_tick": "99000000000",
  "end_tick": "99000010490",
  "dissection": [
    {
      "tick": "99000000000"
    },
    {
      "tick": "99000000327"
    },
    {
      "tick": "99000000654"
    },
    {
      "tick": "99000000981"
    },
    {
      "tick": "99000001308"
    },
    {
      "tick": "99000001635"
    },
    {
      "tick": "99000001962"
    },
    {
      "tick": "99000002289"
    },
    {
      "tick": "99000002616"
    },
    {
      "tick": "99000002943"
    },
    {
      "tick": "99000003270"
    },
    {
      "tick": "99000003597"
    },
    {
      "tick": "99000003924"
    },
    {
      "tick": "99000004251"
    },
    {
      "tick": "99000004578"
    },
    {
      "tick": "99000004905"
    },
    {
      "tick": "99000005232"
    },
    {
      "tick": "99000005559"
    },
    {
      "tick": "99000005886"
    },
    {
      "tick": "99000006213"
    },
    {
      "tick": "99000006540"
    },
    {
      "tick": "99000006867"
    },
    {
      "tick": "99000007194"
    },
    {
      "tick": "99000007521"
    },
    {
      "tick": "99000007848"
    },
    {
      "tick": "99000008175"
    },
    {
      "tick": "99000008502"
    },
    {
      "tick": "99000008829"
    },
    {
      "tick": "99000009156"
    },
    {
      "tick": "99000009483"
    },
    {
      "tick": "99000009810"
    },
    {
      "tick": "99000010137"
    },
    {
      "tick": "99000010490"
    }
  ]
}


{
  "opponent": "tz1gjaF81ZRRvdzjobyfVNsAeSC6PScjfQwN",
  "start_tick": "99000000000",
  "end_tick": "99000010490",
  "dissection": [
    {
      "tick": "99000000000"
    },
    {
      "tick": "99000000327"
    },
    {
      "tick": "99000000654"
    },
    {
      "tick": "99000000981"
    },
    {
      "tick": "99000001308"
    },
    {
      "tick": "99000001635"
    },
    {
      "tick": "99000001962"
    },
    {
      "tick": "99000002289"
    },
    {
      "tick": "99000002616"
    },
    {
      "tick": "99000002943"
    },
    {
      "tick": "99000003270"
    },
    {
      "tick": "99000003597"
    },
    {
      "tick": "99000003924"
    },
    {
      "tick": "99000004251"
    },
    {
      "tick": "99000004578"
    },
    {
      "tick": "99000004905"
    },
    {
      "tick": "99000005232"
    },
    {
      "tick": "99000005559"
    },
    {
      "tick": "99000005886"
    },
    {
      "tick": "99000006213"
    },
    {
      "tick": "99000006540"
    },
    {
      "tick": "99000006867"
    },
    {
      "tick": "99000007194"
    },
    {
      "tick": "99000007521"
    },
    {
      "tick": "99000007848"
    },
    {
      "tick": "99000008175"
    },
    {
      "tick": "99000008502"
    },
    {
      "tick": "99000008829"
    },
    {
      "tick": "99000009156"
    },
    {
      "tick": "99000009483"
    },
    {
      "tick": "99000009810"
    },
    {
      "tick": "99000010137"
    },
    {
      "tick": "99000010490"
    }
  ]
}


{
  "opponent": "tz1gjaF81ZRRvdzjobyfVNsAeSC6PScjfQwN",
  "start_tick": "99000000000",
  "end_tick": "99000000010",
  "dissection": [
    {
      "tick": "99000000000"
    },
    {
      "tick": "99000000001"
    },
    {
      "tick": "99000000002"
    },
    {
      "tick": "99000000003"
    },
    {
      "tick": "99000000004"
    },
    {
      "tick": "99000000005"
    },
    {
      "tick": "99000000006"
    },
    {
      "tick": "99000000007"
    },
    {
      "tick": "99000000008"
    },
    {
      "tick": "99000000009"
    },
    {
      "tick": "99000000010"
    }
  ]
}


{
  "opponent": "tz1b7tUupMgCNw2cCLpKTkSD1NZzB5TkP2sv",
  "start_tick": "396000000000",
  "end_tick": "429000000000",
  "dissection": [
    {
      "tick": "396000000000"
    },
    {
      "tick": "407000000000"
    },
    {
      "tick": "418000000000"
    },
    {
      "tick": "429000000000"
    }
  ]
}


{
  "opponent": "tz1b7tUupMgCNw2cCLpKTkSD1NZzB5TkP2sv",
  "start_tick": "396000000000",
  "end_tick": "396343750000",
  "dissection": [
    {
      "tick": "396000000000"
    },
    {
      "tick": "396010742187"
    },
    {
      "tick": "396021484374"
    },
    {
      "tick": "396032226561"
    },
    {
      "tick": "396042968748"
    },
    {
      "tick": "396053710935"
    },
    {
      "tick": "396064453122"
    },
    {
      "tick": "396075195309"
    },
    {
      "tick": "396085937496"
    },
    {
      "tick": "396096679683"
    },
    {
      "tick": "396107421870"
    },
    {
      "tick": "396118164057"
    },
    {
      "tick": "396128906244"
    },
    {
      "tick": "396139648431"
    },
    {
      "tick": "396150390618"
    },
    {
      "tick": "396161132805"
    },
    {
      "tick": "396171874992"
    },
    {
      "tick": "396182617179"
    },
    {
      "tick": "396193359366"
    },
    {
      "tick": "396204101553"
    },
    {
      "tick": "396214843740"
    },
    {
      "tick": "396225585927"
    },
    {
      "tick": "396236328114"
    },
    {
      "tick": "396247070301"
    },
    {
      "tick": "396257812488"
    },
    {
      "tick": "396268554675"
    },
    {
      "tick": "396279296862"
    },
    {
      "tick": "396290039049"
    },
    {
      "tick": "396300781236"
    },
    {
      "tick": "396311523423"
    },
    {
      "tick": "396322265610"
    },
    {
      "tick": "396333007797"
    },
    {
      "tick": "396343750000"
    }
  ]
}


{
  "opponent": "tz1b7tUupMgCNw2cCLpKTkSD1NZzB5TkP2sv",
  "start_tick": "396000000000",
  "end_tick": "396000335693",
  "dissection": [
    {
      "tick": "396000000000"
    },
    {
      "tick": "396000010490"
    },
    {
      "tick": "396000020980"
    },
    {
      "tick": "396000031470"
    },
    {
      "tick": "396000041960"
    },
    {
      "tick": "396000052450"
    },
    {
      "tick": "396000062940"
    },
    {
      "tick": "396000073430"
    },
    {
      "tick": "396000083920"
    },
    {
      "tick": "396000094410"
    },
    {
      "tick": "396000104900"
    },
    {
      "tick": "396000115390"
    },
    {
      "tick": "396000125880"
    },
    {
      "tick": "396000136370"
    },
    {
      "tick": "396000146860"
    },
    {
      "tick": "396000157350"
    },
    {
      "tick": "396000167840"
    },
    {
      "tick": "396000178330"
    },
    {
      "tick": "396000188820"
    },
    {
      "tick": "396000199310"
    },
    {
      "tick": "396000209800"
    },
    {
      "tick": "396000220290"
    },
    {
      "tick": "396000230780"
    },
    {
      "tick": "396000241270"
    },
    {
      "tick": "396000251760"
    },
    {
      "tick": "396000262250"
    },
    {
      "tick": "396000272740"
    },
    {
      "tick": "396000283230"
    },
    {
      "tick": "396000293720"
    },
    {
      "tick": "396000304210"
    },
    {
      "tick": "396000314700"
    },
    {
      "tick": "396000325190"
    },
    {
      "tick": "396000335693"
    }
  ]
}


{
  "opponent": "tz1b7tUupMgCNw2cCLpKTkSD1NZzB5TkP2sv",
  "start_tick": "396000000000",
  "end_tick": "396000000327",
  "dissection": [
    {
      "tick": "396000000000"
    },
    {
      "tick": "396000000010"
    },
    {
      "tick": "396000000020"
    },
    {
      "tick": "396000000030"
    },
    {
      "tick": "396000000040"
    },
    {
      "tick": "396000000050"
    },
    {
      "tick": "396000000060"
    },
    {
      "tick": "396000000070"
    },
    {
      "tick": "396000000080"
    },
    {
      "tick": "396000000090"
    },
    {
      "tick": "396000000100"
    },
    {
      "tick": "396000000110"
    },
    {
      "tick": "396000000120"
    },
    {
      "tick": "396000000130"
    },
    {
      "tick": "396000000140"
    },
    {
      "tick": "396000000150"
    },
    {
      "tick": "396000000160"
    },
    {
      "tick": "396000000170"
    },
    {
      "tick": "396000000180"
    },
    {
      "tick": "396000000190"
    },
    {
      "tick": "396000000200"
    },
    {
      "tick": "396000000210"
    },
    {
      "tick": "396000000220"
    },
    {
      "tick": "396000000230"
    },
    {
      "tick": "396000000240"
    },
    {
      "tick": "396000000250"
    },
    {
      "tick": "396000000260"
    },
    {
      "tick": "396000000270"
    },
    {
      "tick": "396000000280"
    },
    {
      "tick": "396000000290"
    },
    {
      "tick": "396000000300"
    },
    {
      "tick": "396000000310"
    },
    {
      "tick": "396000000327"
    }
  ]
}


{
  "opponent": "tz1b7tUupMgCNw2cCLpKTkSD1NZzB5TkP2sv",
  "start_tick": "396000000000",
  "end_tick": "396000000327",
  "dissection": [
    {
      "tick": "396000000000"
    },
    {
      "tick": "396000000010"
    },
    {
      "tick": "396000000020"
    },
    {
      "tick": "396000000030"
    },
    {
      "tick": "396000000040"
    },
    {
      "tick": "396000000050"
    },
    {
      "tick": "396000000060"
    },
    {
      "tick": "396000000070"
    },
    {
      "tick": "396000000080"
    },
    {
      "tick": "396000000090"
    },
    {
      "tick": "396000000100"
    },
    {
      "tick": "396000000110"
    },
    {
      "tick": "396000000120"
    },
    {
      "tick": "396000000130"
    },
    {
      "tick": "396000000140"
    },
    {
      "tick": "396000000150"
    },
    {
      "tick": "396000000160"
    },
    {
      "tick": "396000000170"
    },
    {
      "tick": "396000000180"
    },
    {
      "tick": "396000000190"
    },
    {
      "tick": "396000000200"
    },
    {
      "tick": "396000000210"
    },
    {
      "tick": "396000000220"
    },
    {
      "tick": "396000000230"
    },
    {
      "tick": "396000000240"
    },
    {
      "tick": "396000000250"
    },
    {
      "tick": "396000000260"
    },
    {
      "tick": "396000000270"
    },
    {
      "tick": "396000000280"
    },
    {
      "tick": "396000000290"
    },
    {
      "tick": "396000000300"
    },
    {
      "tick": "396000000310"
    },
    {
      "tick": "396000000327"
    }
  ]
}


{
  "opponent": "tz1b7tUupMgCNw2cCLpKTkSD1NZzB5TkP2sv",
  "start_tick": "396000000000",
  "end_tick": "396000000327",
  "dissection": [
    {
      "tick": "396000000000"
    },
    {
      "tick": "396000000010"
    },
    {
      "tick": "396000000020"
    },
    {
      "tick": "396000000030"
    },
    {
      "tick": "396000000040"
    },
    {
      "tick": "396000000050"
    },
    {
      "tick": "396000000060"
    },
    {
      "tick": "396000000070"
    },
    {
      "tick": "396000000080"
    },
    {
      "tick": "396000000090"
    },
    {
      "tick": "396000000100"
    },
    {
      "tick": "396000000110"
    },
    {
      "tick": "396000000120"
    },
    {
      "tick": "396000000130"
    },
    {
      "tick": "396000000140"
    },
    {
      "tick": "396000000150"
    },
    {
      "tick": "396000000160"
    },
    {
      "tick": "396000000170"
    },
    {
      "tick": "396000000180"
    },
    {
      "tick": "396000000190"
    },
    {
      "tick": "396000000200"
    },
    {
      "tick": "396000000210"
    },
    {
      "tick": "396000000220"
    },
    {
      "tick": "396000000230"
    },
    {
      "tick": "396000000240"
    },
    {
      "tick": "396000000250"
    },
    {
      "tick": "396000000260"
    },
    {
      "tick": "396000000270"
    },
    {
      "tick": "396000000280"
    },
    {
      "tick": "396000000290"
    },
    {
      "tick": "396000000300"
    },
    {
      "tick": "396000000310"
    },
    {
      "tick": "396000000327"
    }
  ]
}


{
  "opponent": "tz1b7tUupMgCNw2cCLpKTkSD1NZzB5TkP2sv",
  "start_tick": "396000000008",
  "end_tick": "396000000009",
  "dissection": [
    {
      "tick": "396000000008"
    },
    {
      "tick": "396000000009"
    }
  ]
}
