

{
  "opponent": "tz1gjaF81ZRRvdzjobyfVNsAeSC6PScjfQwN",
  "start_tick": "0",
  "end_tick": "468",
  "dissection": [
    {
      "state": "srs136U2KJweAXf7Excw61Zeu5R5L7mi2TCb1WKkowQJ6UdHJ2VZWS",
      "tick": "0"
    },
    {
      "state": "srs132G8CfbsvsAHR8XnfsTxe8B5CrxUhyWKfThr82VmiC8T7cWfv3",
      "tick": "14"
    },
    {
      "state": "srs12SMWMezc4Sn8PiYya3NrW2UTHt36Cvpf8u7tWhHuCi1rBKMVBE",
      "tick": "28"
    },
    {
      "state": "srs12VQiy7Kuc7nW8dyEF7fFWu9HCQmN9u54MCJHUHpUW8twNpMb8J",
      "tick": "42"
    },
    {
      "state": "srs12veP5ZoMbAnLN6E1CDbc68zegBKffZwDVMF8HkgMxqjHEgw6cv",
      "tick": "56"
    },
    {
      "state": "srs12CDrh74LzrQECD1BuXLQQtMZq5SciKaHFsLUg5VXMWz1yVaDAP",
      "tick": "70"
    },
    {
      "state": "srs11vG5kTuYf3GRCaJpr6EmhdFAaJnS5MWzBQLPYx22nht3nkM6Wq",
      "tick": "84"
    },
    {
      "state": "srs134N1C4XGFeWJ5RmnBeJY3ct7iD5FN5z1D9cYrkAKPtKSvyzZvb",
      "tick": "98"
    },
    {
      "state": "srs12gzJxoCSU1d2sBE2GHG5LcXmRhzRsoUwdDCCyba1JFvorPfgD9",
      "tick": "112"
    },
    {
      "state": "srs12V75WvxhJGFo84N1f3jBV2iXFE1QUFm9qDo9tEUgN4manakG12",
      "tick": "126"
    },
    {
      "state": "srs11zZmbh8Fk5Bwd73canN3cCf2daQuHumzpNwZGsE2jWu1o6Fov7",
      "tick": "140"
    },
    {
      "state": "srs12FduoNaZkpr2qtd33J81ynZC5WNMYDxcF4SBbk27Vv3wfMbvE1",
      "tick": "154"
    },
    {
      "state": "srs12hMB1snGqtG3C84gJmUo9SFRPrwcKGhpkDAsgvKTZcKSbEcEfG",
      "tick": "168"
    },
    {
      "state": "srs12bCsMxsYuBD1qQ9UtNeYAXawzNNgZNeoH1FjzGJDFnp4dVkeGP",
      "tick": "182"
    },
    {
      "state": "srs12pNygZJ5gkQsfAsjBDtwy2J5cWW4MGfQo9uP9vxLy5JbF7ijEK",
      "tick": "196"
    },
    {
      "state": "srs12J4YT7EgVU3ZvQQgQ3Zv3em9rPRQrudAUDkqg6oJDn8LVbdQx8",
      "tick": "210"
    },
    {
      "state": "srs13GKdtyM5pbWfSXsbeyCBBMdrtJavg6S3AQHwJ4JQzyxx98yPUH",
      "tick": "224"
    },
    {
      "state": "srs12RnCT7EZCAhSN4Vh7ntzBuNzzDBvJzKWgehwciEV19Za5jNJEC",
      "tick": "238"
    },
    {
      "state": "srs13MPNqkgVNWrstvQ4AaqAfmwYFxLDBg5qRfYYE3bCvvCNofbSWq",
      "tick": "252"
    },
    {
      "state": "srs13NhR41tQQRESKVM3tJE6x23Q7yAqC4G6juTzD9gUcJUMzqd8xi",
      "tick": "266"
    },
    {
      "state": "srs13FCubn4jQEHDvj1tPRF3a5tN7uehdXPANzYwYuNhRJjvgdniCC",
      "tick": "280"
    },
    {
      "state": "srs133PXPdWLUA6GgAL2mQeA5Yb7X2jFbAMtivXUUK91Sr7u6NkQMD",
      "tick": "294"
    },
    {
      "state": "srs11jZG6CxbWMgTfmmcXYg6zFbRaJJzMEDDuX8RnJLzThHyxC6mJQ",
      "tick": "308"
    },
    {
      "state": "srs11riS4uAYMv5USY3qPcWrV2L3vYCNXLQtUhJVbEmSiFHU2XfRUj",
      "tick": "322"
    },
    {
      "state": "srs12hqYv2ngBjZdD62H1vMvWH6kRSLHwy9UmfDkJygUFQaPNfE9y3",
      "tick": "336"
    },
    {
      "state": "srs12DQMJ1AiCywDDwZtNHUG9VPkN2v5AegJqWHFK8tuT6XT1fELit",
      "tick": "350"
    },
    {
      "state": "srs11VPAd5dVmGBBHneS82v7d1jXoBr4aysdoMu8fWrhxN7LAJGWKD",
      "tick": "364"
    },
    {
      "state": "srs12qyoM7nkdDyxkyPG2SMQfrDL7g3HBx5y6va5bt1GVBEweZv1Yt",
      "tick": "378"
    },
    {
      "state": "srs12cB9QNXc8b8KGmHWSXEneERcnPacnTA3pWtHzHuK3QFJmAeJzA",
      "tick": "392"
    },
    {
      "state": "srs11XQZrXF8WUmmicnKfkQfoLXEfhu8jwUFkoSpD6zZ132pun27D8",
      "tick": "406"
    },
    {
      "tick": "420"
    },
    {
      "tick": "434"
    },
    {
      "tick": "468"
    }
  ]
}


{
  "opponent": "tz1gjaF81ZRRvdzjobyfVNsAeSC6PScjfQwN",
  "start_tick": "185",
  "end_tick": "186",
  "dissection": [
    {
      "state": "srs12rHj2ZkMiYtCsx1D2wbFEHksK8pyuqi4R45BZ2AcHVjyuuUwNM",
      "tick": "185"
    },
    {
      "state": "srs12HbD5k4th6VBKRyYvK74eGY35pBcodxAX2wv4nALG9o6UZbFXp",
      "tick": "186"
    }
  ]
}
