

{
  "opponent": "tz1gjaF81ZRRvdzjobyfVNsAeSC6PScjfQwN",
  "start_tick": "0",
  "end_tick": "629",
  "dissection": [
    {
      "state": "srs136U2KJweAXf7Excw61Zeu5R5L7mi2TCb1WKkowQJ6UdHJ2VZWS",
      "tick": "0"
    },
    {
      "state": "srs11bkyuF8CNH2jMtGHmBYijZdAxf9c52GUJTQu4URRyWSndRU6jq",
      "tick": "19"
    },
    {
      "state": "srs11osc6V7NcQ7iVpSXTLhzNRcwFXyfaN9tJ8ceRmwWyGpJ7uCbmR",
      "tick": "38"
    },
    {
      "state": "srs13N7ef9yXKRx3yDBio3SY3jukXCoPVaxKxmsk3uiqHB1UJYvnbT",
      "tick": "57"
    },
    {
      "state": "srs11yudhaKaZFQU1cD8nAm953bUFs3Nea4S77hhbrVudLXiYNZcXX",
      "tick": "76"
    },
    {
      "state": "srs11uByxhGy8thShuh747jEjtpEnaeTxkQMeXyGZpsm9jw9x1bY1y",
      "tick": "95"
    },
    {
      "state": "srs11txbVf83ZqwQN4iE3WkK7hWbFcepWT32m9t47pg9w4pkPekpfL",
      "tick": "114"
    },
    {
      "state": "srs12w2oYKFaemLDADPCTv2GxVFi1VhmRvmNjAcLUh8v652AnKxram",
      "tick": "133"
    },
    {
      "state": "srs139p958ikkTaQRWvtUTpgVr19RvPdMEQD2bg3JVsDVCyK8WKUbC",
      "tick": "152"
    },
    {
      "state": "srs13JUjHCzU84raofPA6hbA4yUm3h9CcSTUgUWDB4AAkZmiVCe5mq",
      "tick": "171"
    },
    {
      "state": "srs12DTPEXgiEhLUJK9zr8PgZA3gjhVSbcRChMLvT6mmXSaEptenHF",
      "tick": "190"
    },
    {
      "state": "srs12Q7Jhvg7WXdBVYqDB6xh99EhNWL77hDMhGkQDzEAHWorZRYkxg",
      "tick": "209"
    },
    {
      "state": "srs11VdC8Bfad9vAtaRLu7EF19LrZUVfUBLksr3ryBFWQucbKQZydB",
      "tick": "228"
    },
    {
      "state": "srs12E6EcBvm45g25y9AGSmZFFLYBDCVb4dJt1fGEuw9vdV8igvD9m",
      "tick": "247"
    },
    {
      "state": "srs12JJfd2uM96bLMUcT6dnAKieDC6ZmiaHxuPEsneCx2qrAgkZ5SL",
      "tick": "266"
    },
    {
      "state": "srs12aSsp63H97XrnLP4hRHsPpgnSSZtmLvx6rf64DNdtZArUYbD4P",
      "tick": "285"
    },
    {
      "state": "srs13BAm8CLKZrc1xFrNPFWcMh8RwG1WkBx67ytzaZuYsLUQXFW6ft",
      "tick": "304"
    },
    {
      "state": "srs11eVqJP2HU8PAs8918gTEh9DVQ9iB91MNH3GDpsB2FspscUCgT9",
      "tick": "323"
    },
    {
      "state": "srs12uoxqY3PbT2ERfxC9TYkfFDr3dhBbrxspxioh1RBiq2HiXCkgP",
      "tick": "342"
    },
    {
      "state": "srs13FxemNiuUcqsT4YgSxykopTwSXpW7CPeudy2rzNLCBZJzecj6C",
      "tick": "361"
    },
    {
      "state": "srs12QJRRR8yhaawhvpT2s4U9a9LDfCtw2Sh4rdtetMPHgodJLFTRx",
      "tick": "380"
    },
    {
      "state": "srs12F9yVq98s7B15hAJqHAKGUdDFSkNsKwrt3QFrnzcaEs3rPiRPm",
      "tick": "399"
    },
    {
      "state": "srs12of8SYu56APw7FZoNf13ovUSDgqDZa7PunQzVtiHPgTj34Pp9p",
      "tick": "418"
    },
    {
      "state": "srs13A7rjnW39V4W92KKwrFrMoTmAxmLJe3z6VK5NUSHUwVoGGTaf1",
      "tick": "437"
    },
    {
      "state": "srs11SwevSEDce4c4n7QQkf8YRhvuiRgUr2wtZ7zut6nKuusMBo1Sy",
      "tick": "456"
    },
    {
      "state": "srs11qBMYqh7abefmR8ZepFy7rSZQKbVBv4qEWnmVVaydyMECz11GR",
      "tick": "475"
    },
    {
      "state": "srs12DvpwUWHcnYvyNcSqCdyBYXLYrso45LSLrBKirPcpzoriqJbcA",
      "tick": "494"
    },
    {
      "state": "srs12y6Kth8eSM7XbHkXkN5w1fyyr4ySr8gKqxa4suT28TPVQ6ac75",
      "tick": "513"
    },
    {
      "state": "srs134cRQzAHuDUkR4VwMB8PZgq2pVWyZx8FbqZzw8S7khP3LwMscM",
      "tick": "532"
    },
    {
      "state": "srs12EDjALHvnutMJ7YSBETap95XDgYTgTYcHpoUd21tpCkYRq3uRP",
      "tick": "551"
    },
    {
      "state": "srs133ztcxQDctcveW1di1EFKUoFRnwXn8ZMsmHndK5CVvm9wc8UGx",
      "tick": "570"
    },
    {
      "tick": "589"
    },
    {
      "tick": "629"
    }
  ]
}


{
  "opponent": "tz1gjaF81ZRRvdzjobyfVNsAeSC6PScjfQwN",
  "start_tick": "236",
  "end_tick": "237",
  "dissection": [
    {
      "state": "srs12Df7eQr3w2B4ggCkN7Kt21joZGXEFakvEwDQXxwVPhc2eVuxSw",
      "tick": "236"
    },
    {
      "state": "srs11ZqsuC16imjpPgT278DUbdDbFBuCBuxrQQVFsdvLqbNYNadTzR",
      "tick": "237"
    }
  ]
}
