tests/test_contract_opcodes.py::TestContractOpcodes::test_contract_input_output[map_iter.tz-(Pair 0 0)-{ Elt 0 100 ; Elt 2 100 }-(Pair 2 200)]

storage
  (Pair 2 200)
emitted operations
  
big_map diff
  
trace
  - location: 10 (remaining gas: 1039026 units remaining)
    [ (Pair { Elt 0 100 ; Elt 2 100 } (Pair 0 0))  	 ]
  - location: 11 (remaining gas: 1039025.869 units remaining)
    [ { Elt 0 100 ; Elt 2 100 }  	@parameter ]
  - location: 12 (remaining gas: 1039025.726 units remaining)
    [ 0  	@acc_e
      { Elt 0 100 ; Elt 2 100 }  	@parameter ]
  - location: 15 (remaining gas: 1039025.583 units remaining)
    [ 0  	@acc_k
      0  	@acc_e
      { Elt 0 100 ; Elt 2 100 }  	@parameter ]
  - location: 18 (remaining gas: 1039025.443 units remaining)
    [ (Pair 0 0)  	
      { Elt 0 100 ; Elt 2 100 }  	@parameter ]
  - location: 19 (remaining gas: 1039025.313 units remaining)
    [ { Elt 0 100 ; Elt 2 100 }  	@parameter
      (Pair 0 0)  	 ]
  - location: 24 (remaining gas: 1039024.884 units remaining)
    [ (Pair 0 0)  	
      (Pair 0 0)  	 ]
  - location: 25 (remaining gas: 1039024.753 units remaining)
    [ 0  	@acc_k
      (Pair 0 0)  	 ]
  - location: 28 (remaining gas: 1039024.455 units remaining)
    [ 0  	@acc_e ]
  - location: 27 (remaining gas: 1039024.384 units remaining)
    [ 0  	@acc_e ]
  - location: 26 (remaining gas: 1039024.384 units remaining)
    [ 0  	@acc_k
      0  	@acc_e ]
  - location: -1 (remaining gas: 1039024.313 units remaining)
    [ 0  	@acc_k
      0  	@acc_e ]
  - location: 22 (remaining gas: 1039024.313 units remaining)
    [ (Pair 0 100)  	
      0  	@acc_k
      0  	@acc_e ]
  - location: 29 (remaining gas: 1039024.180 units remaining)
    [ (Pair 0 100)  	
      (Pair 0 100)  	
      0  	@acc_k
      0  	@acc_e ]
  - location: 32 (remaining gas: 1039023.891 units remaining)
    [ 0  	@key
      0  	@acc_k
      0  	@acc_e ]
  - location: 33 (remaining gas: 1039023.833 units remaining)
    [ 0  	
      0  	@acc_e ]
  - location: -1 (remaining gas: 1039023.762 units remaining)
    [ 0  	
      0  	@acc_e ]
  - location: 30 (remaining gas: 1039023.762 units remaining)
    [ (Pair 0 100)  	
      0  	
      0  	@acc_e ]
  - location: 34 (remaining gas: 1039023.632 units remaining)
    [ 0  	
      (Pair 0 100)  	
      0  	@acc_e ]
  - location: 37 (remaining gas: 1039023.334 units remaining)
    [ 100  	@elt
      0  	@acc_e ]
  - location: 38 (remaining gas: 1039023.276 units remaining)
    [ 100  	 ]
  - location: -1 (remaining gas: 1039023.205 units remaining)
    [ 100  	 ]
  - location: 35 (remaining gas: 1039023.205 units remaining)
    [ 0  	
      100  	 ]
  - location: 39 (remaining gas: 1039023.065 units remaining)
    [ (Pair 0 100)  	 ]
  - location: -1 (remaining gas: 1039022.994 units remaining)
    [ (Pair 0 100)  	 ]
  - location: 24 (remaining gas: 1039022.703 units remaining)
    [ (Pair 0 100)  	
      (Pair 0 100)  	 ]
  - location: 25 (remaining gas: 1039022.572 units remaining)
    [ 0  	@acc_k
      (Pair 0 100)  	 ]
  - location: 28 (remaining gas: 1039022.274 units remaining)
    [ 100  	@acc_e ]
  - location: 27 (remaining gas: 1039022.203 units remaining)
    [ 100  	@acc_e ]
  - location: 26 (remaining gas: 1039022.203 units remaining)
    [ 0  	@acc_k
      100  	@acc_e ]
  - location: -1 (remaining gas: 1039022.132 units remaining)
    [ 0  	@acc_k
      100  	@acc_e ]
  - location: 22 (remaining gas: 1039022.132 units remaining)
    [ (Pair 2 100)  	
      0  	@acc_k
      100  	@acc_e ]
  - location: 29 (remaining gas: 1039021.999 units remaining)
    [ (Pair 2 100)  	
      (Pair 2 100)  	
      0  	@acc_k
      100  	@acc_e ]
  - location: 32 (remaining gas: 1039021.710 units remaining)
    [ 2  	@key
      0  	@acc_k
      100  	@acc_e ]
  - location: 33 (remaining gas: 1039021.652 units remaining)
    [ 2  	
      100  	@acc_e ]
  - location: -1 (remaining gas: 1039021.581 units remaining)
    [ 2  	
      100  	@acc_e ]
  - location: 30 (remaining gas: 1039021.581 units remaining)
    [ (Pair 2 100)  	
      2  	
      100  	@acc_e ]
  - location: 34 (remaining gas: 1039021.451 units remaining)
    [ 2  	
      (Pair 2 100)  	
      100  	@acc_e ]
  - location: 37 (remaining gas: 1039021.153 units remaining)
    [ 100  	@elt
      100  	@acc_e ]
  - location: 38 (remaining gas: 1039021.095 units remaining)
    [ 200  	 ]
  - location: -1 (remaining gas: 1039021.024 units remaining)
    [ 200  	 ]
  - location: 35 (remaining gas: 1039021.024 units remaining)
    [ 2  	
      200  	 ]
  - location: 39 (remaining gas: 1039020.884 units remaining)
    [ (Pair 2 200)  	 ]
  - location: -1 (remaining gas: 1039020.813 units remaining)
    [ (Pair 2 200)  	 ]
  - location: 20 (remaining gas: 1039020.813 units remaining)
    [ (Pair 2 200)  	 ]
  - location: 40 (remaining gas: 1039020.675 units remaining)
    [ {}  	
      (Pair 2 200)  	 ]
  - location: 42 (remaining gas: 1039020.535 units remaining)
    [ (Pair {} (Pair 2 200))  	 ]
  - location: -1 (remaining gas: 1039020.464 units remaining)
    [ (Pair {} (Pair 2 200))  	 ]

