tests/test_contract_opcodes.py::TestContractOpcodes::test_contract_input_output[slice_bytes.tz-Some 0xaabbcc-Pair 0 1-(Some 0xaa)]

storage
  (Some 0xaa)
emitted operations
  
big_map diff
  
trace
  - location: 9 (remaining gas: 1039982.096 units remaining)
    [ (Pair (Pair 0 1) (Some 0xaabbcc))  	 ]
  - location: 12 (remaining gas: 1039981.847 units remaining)
    [ (Pair (Pair 0 1) (Some 0xaabbcc))  	
      (Pair (Pair 0 1) (Some 0xaabbcc))  	 ]
  - location: 13 (remaining gas: 1039981.716 units remaining)
    [ (Pair 0 1)  	@parameter
      (Pair (Pair 0 1) (Some 0xaabbcc))  	 ]
  - location: 16 (remaining gas: 1039981.418 units remaining)
    [ (Some 0xaabbcc)  	@storage ]
  - location: 15 (remaining gas: 1039981.347 units remaining)
    [ (Some 0xaabbcc)  	@storage ]
  - location: 14 (remaining gas: 1039981.347 units remaining)
    [ (Pair 0 1)  	@parameter
      (Some 0xaabbcc)  	@storage ]
  - location: -1 (remaining gas: 1039981.276 units remaining)
    [ (Pair 0 1)  	@parameter
      (Some 0xaabbcc)  	@storage ]
  - location: 10 (remaining gas: 1039981.205 units remaining)
    [ (Pair 0 1)  	@parameter
      (Some 0xaabbcc)  	@storage ]
  - location: 17 (remaining gas: 1039981.075 units remaining)
    [ (Some 0xaabbcc)  	@storage
      (Pair 0 1)  	@parameter ]
  - location: 25 (remaining gas: 1039980.749 units remaining)
    [ (Pair 0 1)  	@parameter
      0xaabbcc  	@storage.some ]
  - location: 28 (remaining gas: 1039980.500 units remaining)
    [ (Pair 0 1)  	@parameter
      (Pair 0 1)  	@parameter
      0xaabbcc  	@storage.some ]
  - location: 29 (remaining gas: 1039980.369 units remaining)
    [ 0  	
      (Pair 0 1)  	@parameter
      0xaabbcc  	@storage.some ]
  - location: 32 (remaining gas: 1039980.071 units remaining)
    [ 1  	
      0xaabbcc  	@storage.some ]
  - location: 31 (remaining gas: 1039980 units remaining)
    [ 1  	
      0xaabbcc  	@storage.some ]
  - location: 30 (remaining gas: 1039980 units remaining)
    [ 0  	
      1  	
      0xaabbcc  	@storage.some ]
  - location: -1 (remaining gas: 1039979.929 units remaining)
    [ 0  	
      1  	
      0xaabbcc  	@storage.some ]
  - location: 26 (remaining gas: 1039979.858 units remaining)
    [ 0  	
      1  	
      0xaabbcc  	@storage.some ]
  - location: 33 (remaining gas: 1039979.747 units remaining)
    [ (Some 0xaa)  	@storage.some.slice ]
  - location: -1 (remaining gas: 1039979.676 units remaining)
    [ (Some 0xaa)  	@storage.some.slice ]
  - location: 18 (remaining gas: 1039979.605 units remaining)
    [ (Some 0xaa)  	 ]
  - location: 34 (remaining gas: 1039979.467 units remaining)
    [ {}  	
      (Some 0xaa)  	 ]
  - location: 36 (remaining gas: 1039979.327 units remaining)
    [ (Pair {} (Some 0xaa))  	 ]
  - location: -1 (remaining gas: 1039979.256 units remaining)
    [ (Pair {} (Some 0xaa))  	 ]

