tests/test_contract_opcodes.py::TestContractOpcodes::test_contract_input_output[slice_bytes.tz-Some 0xaabbcc-Pair 1 3-None]

storage
  None
emitted operations
  
big_map diff
  
trace
  - location: 9 (remaining gas: 1039242000 units remaining)
    [ (Pair (Pair 1 3) (Some 0xaabbcc))  	 ]
  - location: 12 (remaining gas: 1039241900 units remaining)
    [ (Pair (Pair 1 3) (Some 0xaabbcc))  	
      (Pair (Pair 1 3) (Some 0xaabbcc))  	 ]
  - location: 13 (remaining gas: 1039241840 units remaining)
    [ (Pair 1 3)  	@parameter
      (Pair (Pair 1 3) (Some 0xaabbcc))  	 ]
  - location: 16 (remaining gas: 1039241720 units remaining)
    [ (Some 0xaabbcc)  	@storage ]
  - location: 15 (remaining gas: 1039241700 units remaining)
    [ (Some 0xaabbcc)  	@storage ]
  - location: 14 (remaining gas: 1039241700 units remaining)
    [ (Pair 1 3)  	@parameter
      (Some 0xaabbcc)  	@storage ]
  - location: -1 (remaining gas: 1039241680 units remaining)
    [ (Pair 1 3)  	@parameter
      (Some 0xaabbcc)  	@storage ]
  - location: 10 (remaining gas: 1039241660 units remaining)
    [ (Pair 1 3)  	@parameter
      (Some 0xaabbcc)  	@storage ]
  - location: 17 (remaining gas: 1039241600 units remaining)
    [ (Some 0xaabbcc)  	@storage
      (Pair 1 3)  	@parameter ]
  - location: 25 (remaining gas: 1039241460 units remaining)
    [ (Pair 1 3)  	@parameter
      0xaabbcc  	@storage.some ]
  - location: 28 (remaining gas: 1039241360 units remaining)
    [ (Pair 1 3)  	@parameter
      (Pair 1 3)  	@parameter
      0xaabbcc  	@storage.some ]
  - location: 29 (remaining gas: 1039241300 units remaining)
    [ 1  	
      (Pair 1 3)  	@parameter
      0xaabbcc  	@storage.some ]
  - location: 32 (remaining gas: 1039241180 units remaining)
    [ 3  	
      0xaabbcc  	@storage.some ]
  - location: 31 (remaining gas: 1039241160 units remaining)
    [ 3  	
      0xaabbcc  	@storage.some ]
  - location: 30 (remaining gas: 1039241160 units remaining)
    [ 1  	
      3  	
      0xaabbcc  	@storage.some ]
  - location: -1 (remaining gas: 1039241140 units remaining)
    [ 1  	
      3  	
      0xaabbcc  	@storage.some ]
  - location: 26 (remaining gas: 1039241120 units remaining)
    [ 1  	
      3  	
      0xaabbcc  	@storage.some ]
  - location: 33 (remaining gas: 1039241000 units remaining)
    [ None  	@storage.some.slice ]
  - location: -1 (remaining gas: 1039240980 units remaining)
    [ None  	@storage.some.slice ]
  - location: 18 (remaining gas: 1039240960 units remaining)
    [ None  	 ]
  - location: 34 (remaining gas: 1039240900 units remaining)
    [ {}  	
      None  	 ]
  - location: 36 (remaining gas: 1039240840 units remaining)
    [ (Pair {} None)  	 ]
  - location: -1 (remaining gas: 1039240820 units remaining)
    [ (Pair {} None)  	 ]

