tests/test_contract_opcodes.py::TestContractOpcodes::test_contract_input_output[dign.tz-0-(Pair (Pair (Pair (Pair 1 2) 3) 4) 5)-5]

storage
  5
emitted operations
  
big_map diff
  
trace
  - location: 14 (remaining gas: 1038819 units remaining)
    [ (Pair (Pair (Pair (Pair (Pair 1 2) 3) 4) 5) 0)  	 ]
  - location: 15 (remaining gas: 1038818.869 units remaining)
    [ (Pair (Pair (Pair (Pair 1 2) 3) 4) 5)  	@parameter ]
  - location: 18 (remaining gas: 1038818.620 units remaining)
    [ (Pair (Pair (Pair (Pair 1 2) 3) 4) 5)  	@parameter
      (Pair (Pair (Pair (Pair 1 2) 3) 4) 5)  	@parameter ]
  - location: 19 (remaining gas: 1038818.489 units remaining)
    [ (Pair (Pair (Pair 1 2) 3) 4)  	
      (Pair (Pair (Pair (Pair 1 2) 3) 4) 5)  	@parameter ]
  - location: 22 (remaining gas: 1038818.191 units remaining)
    [ 5  	 ]
  - location: 21 (remaining gas: 1038818.120 units remaining)
    [ 5  	 ]
  - location: 20 (remaining gas: 1038818.120 units remaining)
    [ (Pair (Pair (Pair 1 2) 3) 4)  	
      5  	 ]
  - location: -1 (remaining gas: 1038818.049 units remaining)
    [ (Pair (Pair (Pair 1 2) 3) 4)  	
      5  	 ]
  - location: 16 (remaining gas: 1038817.978 units remaining)
    [ (Pair (Pair (Pair 1 2) 3) 4)  	
      5  	 ]
  - location: 25 (remaining gas: 1038817.729 units remaining)
    [ (Pair (Pair (Pair 1 2) 3) 4)  	
      (Pair (Pair (Pair 1 2) 3) 4)  	
      5  	 ]
  - location: 26 (remaining gas: 1038817.598 units remaining)
    [ (Pair (Pair 1 2) 3)  	
      (Pair (Pair (Pair 1 2) 3) 4)  	
      5  	 ]
  - location: 29 (remaining gas: 1038817.300 units remaining)
    [ 4  	
      5  	 ]
  - location: 28 (remaining gas: 1038817.229 units remaining)
    [ 4  	
      5  	 ]
  - location: 27 (remaining gas: 1038817.229 units remaining)
    [ (Pair (Pair 1 2) 3)  	
      4  	
      5  	 ]
  - location: -1 (remaining gas: 1038817.158 units remaining)
    [ (Pair (Pair 1 2) 3)  	
      4  	
      5  	 ]
  - location: 23 (remaining gas: 1038817.087 units remaining)
    [ (Pair (Pair 1 2) 3)  	
      4  	
      5  	 ]
  - location: 32 (remaining gas: 1038816.838 units remaining)
    [ (Pair (Pair 1 2) 3)  	
      (Pair (Pair 1 2) 3)  	
      4  	
      5  	 ]
  - location: 33 (remaining gas: 1038816.707 units remaining)
    [ (Pair 1 2)  	
      (Pair (Pair 1 2) 3)  	
      4  	
      5  	 ]
  - location: 36 (remaining gas: 1038816.409 units remaining)
    [ 3  	
      4  	
      5  	 ]
  - location: 35 (remaining gas: 1038816.338 units remaining)
    [ 3  	
      4  	
      5  	 ]
  - location: 34 (remaining gas: 1038816.338 units remaining)
    [ (Pair 1 2)  	
      3  	
      4  	
      5  	 ]
  - location: -1 (remaining gas: 1038816.267 units remaining)
    [ (Pair 1 2)  	
      3  	
      4  	
      5  	 ]
  - location: 30 (remaining gas: 1038816.196 units remaining)
    [ (Pair 1 2)  	
      3  	
      4  	
      5  	 ]
  - location: 39 (remaining gas: 1038815.947 units remaining)
    [ (Pair 1 2)  	
      (Pair 1 2)  	
      3  	
      4  	
      5  	 ]
  - location: 40 (remaining gas: 1038815.816 units remaining)
    [ 1  	
      (Pair 1 2)  	
      3  	
      4  	
      5  	 ]
  - location: 43 (remaining gas: 1038815.518 units remaining)
    [ 2  	
      3  	
      4  	
      5  	 ]
  - location: 42 (remaining gas: 1038815.447 units remaining)
    [ 2  	
      3  	
      4  	
      5  	 ]
  - location: 41 (remaining gas: 1038815.447 units remaining)
    [ 1  	
      2  	
      3  	
      4  	
      5  	 ]
  - location: -1 (remaining gas: 1038815.376 units remaining)
    [ 1  	
      2  	
      3  	
      4  	
      5  	 ]
  - location: 37 (remaining gas: 1038815.305 units remaining)
    [ 1  	
      2  	
      3  	
      4  	
      5  	 ]
  - location: 44 (remaining gas: 1038815.125 units remaining)
    [ 5  	
      1  	
      2  	
      3  	
      4  	 ]
  - location: 48 (remaining gas: 1038814.828 units remaining)
    [ 2  	
      3  	
      4  	 ]
  - location: 49 (remaining gas: 1038814.689 units remaining)
    [ 3  	
      4  	 ]
  - location: 50 (remaining gas: 1038814.550 units remaining)
    [ 4  	 ]
  - location: 51 (remaining gas: 1038814.411 units remaining)
    [  ]
  - location: -1 (remaining gas: 1038814.340 units remaining)
    [  ]
  - location: 46 (remaining gas: 1038814.340 units remaining)
    [ 5  	 ]
  - location: 52 (remaining gas: 1038814.202 units remaining)
    [ {}  	
      5  	 ]
  - location: 54 (remaining gas: 1038814.062 units remaining)
    [ (Pair {} 5)  	 ]
  - location: -1 (remaining gas: 1038813.991 units remaining)
    [ (Pair {} 5)  	 ]

