tests/test_contract_opcodes.py::TestContractOpcodes::test_contract_input_output[set_member.tz-(Pair { "Hello" ; "World" } None)-""-(Pair { "Hello" ; "World" } (Some False))]

storage
  (Pair { "Hello" ; "World" } (Some False))
emitted operations
  
big_map diff
  
trace
  - location: 10 (remaining gas: 1039234 units remaining)
    [ (Pair "" (Pair { "Hello" ; "World" } None))  	 ]
  - location: 11 (remaining gas: 1039233.867 units remaining)
    [ (Pair "" (Pair { "Hello" ; "World" } None))  	
      (Pair "" (Pair { "Hello" ; "World" } None))  	 ]
  - location: 12 (remaining gas: 1039233.734 units remaining)
    [ (Pair "" (Pair { "Hello" ; "World" } None))  	
      (Pair "" (Pair { "Hello" ; "World" } None))  	
      (Pair "" (Pair { "Hello" ; "World" } None))  	 ]
  - location: 13 (remaining gas: 1039233.603 units remaining)
    [ ""  	@parameter
      (Pair "" (Pair { "Hello" ; "World" } None))  	
      (Pair "" (Pair { "Hello" ; "World" } None))  	 ]
  - location: 17 (remaining gas: 1039233.247 units remaining)
    [ (Pair { "Hello" ; "World" } None)  	@storage
      (Pair "" (Pair { "Hello" ; "World" } None))  	 ]
  - location: 18 (remaining gas: 1039233.116 units remaining)
    [ { "Hello" ; "World" }  	
      (Pair "" (Pair { "Hello" ; "World" } None))  	 ]
  - location: -1 (remaining gas: 1039233.045 units remaining)
    [ { "Hello" ; "World" }  	
      (Pair "" (Pair { "Hello" ; "World" } None))  	 ]
  - location: 15 (remaining gas: 1039232.974 units remaining)
    [ { "Hello" ; "World" }  	
      (Pair "" (Pair { "Hello" ; "World" } None))  	 ]
  - location: 14 (remaining gas: 1039232.974 units remaining)
    [ ""  	@parameter
      { "Hello" ; "World" }  	
      (Pair "" (Pair { "Hello" ; "World" } None))  	 ]
  - location: 19 (remaining gas: 1039232.916 units remaining)
    [ False  	
      (Pair "" (Pair { "Hello" ; "World" } None))  	 ]
  - location: 20 (remaining gas: 1039232.784 units remaining)
    [ (Some False)  	
      (Pair "" (Pair { "Hello" ; "World" } None))  	 ]
  - location: 24 (remaining gas: 1039232.428 units remaining)
    [ (Pair { "Hello" ; "World" } None)  	@storage ]
  - location: 25 (remaining gas: 1039232.297 units remaining)
    [ { "Hello" ; "World" }  	 ]
  - location: -1 (remaining gas: 1039232.226 units remaining)
    [ { "Hello" ; "World" }  	 ]
  - location: 22 (remaining gas: 1039232.155 units remaining)
    [ { "Hello" ; "World" }  	 ]
  - location: 21 (remaining gas: 1039232.155 units remaining)
    [ (Some False)  	
      { "Hello" ; "World" }  	 ]
  - location: 26 (remaining gas: 1039232.025 units remaining)
    [ { "Hello" ; "World" }  	
      (Some False)  	 ]
  - location: 27 (remaining gas: 1039231.885 units remaining)
    [ (Pair { "Hello" ; "World" } (Some False))  	 ]
  - location: 28 (remaining gas: 1039231.747 units remaining)
    [ {}  	
      (Pair { "Hello" ; "World" } (Some False))  	 ]
  - location: 30 (remaining gas: 1039231.607 units remaining)
    [ (Pair {} (Pair { "Hello" ; "World" } (Some False)))  	 ]
  - location: -1 (remaining gas: 1039231.536 units remaining)
    [ (Pair {} (Pair { "Hello" ; "World" } (Some False)))  	 ]

