tests/test_contract_opcodes.py::TestContractOpcodes::test_contract_input_output[self_with_entrypoint.tz-Unit-Left (Left 0)-Unit]

storage
  Unit
emitted operations
  
big_map diff
  
trace
  - location: 12 (remaining gas: 1038201 units remaining)
    [ (Pair (Left (Left 0)) Unit)  	 ]
  - location: 13 (remaining gas: 1038200.861 units remaining)
    [  ]
  - location: 14 (remaining gas: 1038200.718 units remaining)
    [ "KT1BEqzn5Wx8uJrZNvuS9DVHmLvG9td3fDLi%A"  	@self ]
  - location: 15 (remaining gas: 1038112.660 units remaining)
    [ 0x050a00000017011d23c1d3d2f8a4ea5e8784b8f7ecf2ad304c0fe60041  	@Apacked ]
  - location: 16 (remaining gas: 1038112.517 units remaining)
    [ "KT1BEqzn5Wx8uJrZNvuS9DVHmLvG9td3fDLi"  	@self
      0x050a00000017011d23c1d3d2f8a4ea5e8784b8f7ecf2ad304c0fe60041  	@Apacked ]
  - location: 17 (remaining gas: 1038024.459 units remaining)
    [ 0x050a00000016011d23c1d3d2f8a4ea5e8784b8f7ecf2ad304c0fe600  	@defpacked
      0x050a00000017011d23c1d3d2f8a4ea5e8784b8f7ecf2ad304c0fe60041  	@Apacked ]
  - location: 18 (remaining gas: 1038024.326 units remaining)
    [ 0x050a00000016011d23c1d3d2f8a4ea5e8784b8f7ecf2ad304c0fe600  	@defpacked
      0x050a00000016011d23c1d3d2f8a4ea5e8784b8f7ecf2ad304c0fe600  	@defpacked
      0x050a00000017011d23c1d3d2f8a4ea5e8784b8f7ecf2ad304c0fe60041  	@Apacked ]
  - location: 21 (remaining gas: 1038024.038 units remaining)
    [ 0x050a00000017011d23c1d3d2f8a4ea5e8784b8f7ecf2ad304c0fe60041  	@Apacked
      0x050a00000016011d23c1d3d2f8a4ea5e8784b8f7ecf2ad304c0fe600  	@defpacked ]
  - location: 20 (remaining gas: 1038023.967 units remaining)
    [ 0x050a00000017011d23c1d3d2f8a4ea5e8784b8f7ecf2ad304c0fe60041  	@Apacked
      0x050a00000016011d23c1d3d2f8a4ea5e8784b8f7ecf2ad304c0fe600  	@defpacked ]
  - location: 19 (remaining gas: 1038023.967 units remaining)
    [ 0x050a00000016011d23c1d3d2f8a4ea5e8784b8f7ecf2ad304c0fe600  	@defpacked
      0x050a00000017011d23c1d3d2f8a4ea5e8784b8f7ecf2ad304c0fe60041  	@Apacked
      0x050a00000016011d23c1d3d2f8a4ea5e8784b8f7ecf2ad304c0fe600  	@defpacked ]
  - location: 24 (remaining gas: 1038023.672 units remaining)
    [ -1  	
      0x050a00000016011d23c1d3d2f8a4ea5e8784b8f7ecf2ad304c0fe600  	@defpacked ]
  - location: 25 (remaining gas: 1038023.523 units remaining)
    [ True  	
      0x050a00000016011d23c1d3d2f8a4ea5e8784b8f7ecf2ad304c0fe600  	@defpacked ]
  - location: -1 (remaining gas: 1038023.452 units remaining)
    [ True  	
      0x050a00000016011d23c1d3d2f8a4ea5e8784b8f7ecf2ad304c0fe600  	@defpacked ]
  - location: 27 (remaining gas: 1038023.266 units remaining)
    [ 0x050a00000016011d23c1d3d2f8a4ea5e8784b8f7ecf2ad304c0fe600  	@defpacked ]
  - location: -1 (remaining gas: 1038023.195 units remaining)
    [ 0x050a00000016011d23c1d3d2f8a4ea5e8784b8f7ecf2ad304c0fe600  	@defpacked ]
  - location: 32 (remaining gas: 1038023.052 units remaining)
    [ "KT1BEqzn5Wx8uJrZNvuS9DVHmLvG9td3fDLi"  	@self
      0x050a00000016011d23c1d3d2f8a4ea5e8784b8f7ecf2ad304c0fe600  	@defpacked ]
  - location: 33 (remaining gas: 1037934.994 units remaining)
    [ 0x050a00000016011d23c1d3d2f8a4ea5e8784b8f7ecf2ad304c0fe600  	@selfpacked
      0x050a00000016011d23c1d3d2f8a4ea5e8784b8f7ecf2ad304c0fe600  	@defpacked ]
  - location: 36 (remaining gas: 1037934.699 units remaining)
    [ 0  	 ]
  - location: 37 (remaining gas: 1037934.550 units remaining)
    [ True  	 ]
  - location: -1 (remaining gas: 1037934.479 units remaining)
    [ True  	 ]
  - location: 39 (remaining gas: 1037934.293 units remaining)
    [  ]
  - location: -1 (remaining gas: 1037934.222 units remaining)
    [  ]
  - location: 44 (remaining gas: 1037934.079 units remaining)
    [ "KT1BEqzn5Wx8uJrZNvuS9DVHmLvG9td3fDLi%A"  	@self ]
  - location: 45 (remaining gas: 1037933.950 units remaining)
    [ "KT1BEqzn5Wx8uJrZNvuS9DVHmLvG9td3fDLi%A"  	@self ]
  - location: 48 (remaining gas: 1037933.811 units remaining)
    [  ]
  - location: 49 (remaining gas: 1037933.668 units remaining)
    [ "KT1BEqzn5Wx8uJrZNvuS9DVHmLvG9td3fDLi%B"  	@self ]
  - location: 50 (remaining gas: 1037933.539 units remaining)
    [ "KT1BEqzn5Wx8uJrZNvuS9DVHmLvG9td3fDLi%B"  	@self ]
  - location: 53 (remaining gas: 1037933.400 units remaining)
    [  ]
  - location: 54 (remaining gas: 1037933.257 units remaining)
    [ "KT1BEqzn5Wx8uJrZNvuS9DVHmLvG9td3fDLi%maybe_C"  	@self ]
  - location: 55 (remaining gas: 1037933.128 units remaining)
    [ "KT1BEqzn5Wx8uJrZNvuS9DVHmLvG9td3fDLi%maybe_C"  	@self ]
  - location: 60 (remaining gas: 1037932.989 units remaining)
    [  ]
  - location: 61 (remaining gas: 1037932.846 units remaining)
    [ "KT1BEqzn5Wx8uJrZNvuS9DVHmLvG9td3fDLi%Z"  	@self ]
  - location: 62 (remaining gas: 1037932.717 units remaining)
    [ "KT1BEqzn5Wx8uJrZNvuS9DVHmLvG9td3fDLi%Z"  	@self ]
  - location: 65 (remaining gas: 1037932.578 units remaining)
    [  ]
  - location: 66 (remaining gas: 1037932.435 units remaining)
    [ "KT1BEqzn5Wx8uJrZNvuS9DVHmLvG9td3fDLi"  	@self ]
  - location: 67 (remaining gas: 1037932.306 units remaining)
    [ "KT1BEqzn5Wx8uJrZNvuS9DVHmLvG9td3fDLi"  	@self ]
  - location: 76 (remaining gas: 1037932.167 units remaining)
    [  ]
  - location: 77 (remaining gas: 1037932.024 units remaining)
    [ "KT1BEqzn5Wx8uJrZNvuS9DVHmLvG9td3fDLi"  	@self ]
  - location: 78 (remaining gas: 1037931.895 units remaining)
    [ "KT1BEqzn5Wx8uJrZNvuS9DVHmLvG9td3fDLi"  	@self ]
  - location: 87 (remaining gas: 1037931.756 units remaining)
    [  ]
  - location: 88 (remaining gas: 1037931.613 units remaining)
    [ Unit  	 ]
  - location: 89 (remaining gas: 1037931.475 units remaining)
    [ {}  	
      Unit  	 ]
  - location: 91 (remaining gas: 1037931.335 units remaining)
    [ (Pair {} Unit)  	 ]
  - location: -1 (remaining gas: 1037931.264 units remaining)
    [ (Pair {} Unit)  	 ]

