tests/test_contract_opcodes.py::TestContractOpcodes::test_contract_input_output[compare.tz-Unit-Unit-Unit]

storage
  Unit
emitted operations
  
big_map diff
  
trace
  - location: 6 (remaining gas: 1033492 units remaining)
    [ (Pair Unit Unit)  	 ]
  - location: 7 (remaining gas: 1033491.861 units remaining)
    [  ]
  - location: 8 (remaining gas: 1033491.718 units remaining)
    [ True  	 ]
  - location: 11 (remaining gas: 1033491.585 units remaining)
    [ True  	
      True  	 ]
  - location: 12 (remaining gas: 1033491.399 units remaining)
    [ 0  	 ]
  - location: 14 (remaining gas: 1033491.192 units remaining)
    [ True  	 ]
  - location: 16 (remaining gas: 1033491.006 units remaining)
    [  ]
  - location: -1 (remaining gas: 1033490.935 units remaining)
    [  ]
  - location: 21 (remaining gas: 1033490.792 units remaining)
    [ False  	 ]
  - location: 24 (remaining gas: 1033490.659 units remaining)
    [ False  	
      False  	 ]
  - location: 25 (remaining gas: 1033490.473 units remaining)
    [ 0  	 ]
  - location: 27 (remaining gas: 1033490.266 units remaining)
    [ True  	 ]
  - location: 29 (remaining gas: 1033490.080 units remaining)
    [  ]
  - location: -1 (remaining gas: 1033490.009 units remaining)
    [  ]
  - location: 34 (remaining gas: 1033489.866 units remaining)
    [ False  	 ]
  - location: 37 (remaining gas: 1033489.723 units remaining)
    [ True  	
      False  	 ]
  - location: 40 (remaining gas: 1033489.537 units remaining)
    [ 1  	 ]
  - location: 42 (remaining gas: 1033489.330 units remaining)
    [ True  	 ]
  - location: 44 (remaining gas: 1033489.144 units remaining)
    [  ]
  - location: -1 (remaining gas: 1033489.073 units remaining)
    [  ]
  - location: 49 (remaining gas: 1033488.930 units remaining)
    [ True  	 ]
  - location: 52 (remaining gas: 1033488.787 units remaining)
    [ False  	
      True  	 ]
  - location: 55 (remaining gas: 1033488.601 units remaining)
    [ -1  	 ]
  - location: 57 (remaining gas: 1033488.394 units remaining)
    [ True  	 ]
  - location: 59 (remaining gas: 1033488.208 units remaining)
    [  ]
  - location: -1 (remaining gas: 1033488.137 units remaining)
    [  ]
  - location: 64 (remaining gas: 1033487.994 units remaining)
    [ 0xaabbcc  	 ]
  - location: 67 (remaining gas: 1033487.861 units remaining)
    [ 0xaabbcc  	
      0xaabbcc  	 ]
  - location: 68 (remaining gas: 1033487.682 units remaining)
    [ 0  	 ]
  - location: 70 (remaining gas: 1033487.475 units remaining)
    [ True  	 ]
  - location: 72 (remaining gas: 1033487.289 units remaining)
    [  ]
  - location: -1 (remaining gas: 1033487.218 units remaining)
    [  ]
  - location: 77 (remaining gas: 1033487.075 units remaining)
    [ 0x  	 ]
  - location: 80 (remaining gas: 1033486.932 units remaining)
    [ 0x  	
      0x  	 ]
  - location: 83 (remaining gas: 1033486.753 units remaining)
    [ 0  	 ]
  - location: 85 (remaining gas: 1033486.546 units remaining)
    [ True  	 ]
  - location: 87 (remaining gas: 1033486.360 units remaining)
    [  ]
  - location: -1 (remaining gas: 1033486.289 units remaining)
    [  ]
  - location: 92 (remaining gas: 1033486.146 units remaining)
    [ 0x  	 ]
  - location: 95 (remaining gas: 1033486.003 units remaining)
    [ 0x01  	
      0x  	 ]
  - location: 98 (remaining gas: 1033485.824 units remaining)
    [ 1  	 ]
  - location: 100 (remaining gas: 1033485.617 units remaining)
    [ True  	 ]
  - location: 102 (remaining gas: 1033485.431 units remaining)
    [  ]
  - location: -1 (remaining gas: 1033485.360 units remaining)
    [  ]
  - location: 107 (remaining gas: 1033485.217 units remaining)
    [ 0x01  	 ]
  - location: 110 (remaining gas: 1033485.074 units remaining)
    [ 0x02  	
      0x01  	 ]
  - location: 113 (remaining gas: 1033484.895 units remaining)
    [ 1  	 ]
  - location: 115 (remaining gas: 1033484.688 units remaining)
    [ True  	 ]
  - location: 117 (remaining gas: 1033484.502 units remaining)
    [  ]
  - location: -1 (remaining gas: 1033484.431 units remaining)
    [  ]
  - location: 122 (remaining gas: 1033484.288 units remaining)
    [ 0x02  	 ]
  - location: 125 (remaining gas: 1033484.145 units remaining)
    [ 0x01  	
      0x02  	 ]
  - location: 128 (remaining gas: 1033483.966 units remaining)
    [ -1  	 ]
  - location: 130 (remaining gas: 1033483.759 units remaining)
    [ True  	 ]
  - location: 132 (remaining gas: 1033483.573 units remaining)
    [  ]
  - location: -1 (remaining gas: 1033483.502 units remaining)
    [  ]
  - location: 137 (remaining gas: 1033483.359 units remaining)
    [ 1  	 ]
  - location: 140 (remaining gas: 1033483.226 units remaining)
    [ 1  	
      1  	 ]
  - location: 141 (remaining gas: 1033483.016 units remaining)
    [ 0  	 ]
  - location: 143 (remaining gas: 1033482.809 units remaining)
    [ True  	 ]
  - location: 145 (remaining gas: 1033482.623 units remaining)
    [  ]
  - location: -1 (remaining gas: 1033482.552 units remaining)
    [  ]
  - location: 150 (remaining gas: 1033482.409 units remaining)
    [ 10  	 ]
  - location: 153 (remaining gas: 1033482.266 units remaining)
    [ 5  	
      10  	 ]
  - location: 156 (remaining gas: 1033482.056 units remaining)
    [ -1  	 ]
  - location: 158 (remaining gas: 1033481.849 units remaining)
    [ True  	 ]
  - location: 160 (remaining gas: 1033481.663 units remaining)
    [  ]
  - location: -1 (remaining gas: 1033481.592 units remaining)
    [  ]
  - location: 165 (remaining gas: 1033481.449 units remaining)
    [ -4  	 ]
  - location: 168 (remaining gas: 1033481.306 units remaining)
    [ 1923  	
      -4  	 ]
  - location: 171 (remaining gas: 1033481.096 units remaining)
    [ 1  	 ]
  - location: 173 (remaining gas: 1033480.889 units remaining)
    [ True  	 ]
  - location: 175 (remaining gas: 1033480.703 units remaining)
    [  ]
  - location: -1 (remaining gas: 1033480.632 units remaining)
    [  ]
  - location: 180 (remaining gas: 1033480.489 units remaining)
    [ 1  	 ]
  - location: 183 (remaining gas: 1033480.356 units remaining)
    [ 1  	
      1  	 ]
  - location: 184 (remaining gas: 1033480.146 units remaining)
    [ 0  	 ]
  - location: 186 (remaining gas: 1033479.939 units remaining)
    [ True  	 ]
  - location: 188 (remaining gas: 1033479.753 units remaining)
    [  ]
  - location: -1 (remaining gas: 1033479.682 units remaining)
    [  ]
  - location: 193 (remaining gas: 1033479.539 units remaining)
    [ 10  	 ]
  - location: 196 (remaining gas: 1033479.396 units remaining)
    [ 5  	
      10  	 ]
  - location: 199 (remaining gas: 1033479.186 units remaining)
    [ -1  	 ]
  - location: 201 (remaining gas: 1033478.979 units remaining)
    [ True  	 ]
  - location: 203 (remaining gas: 1033478.793 units remaining)
    [  ]
  - location: -1 (remaining gas: 1033478.722 units remaining)
    [  ]
  - location: 208 (remaining gas: 1033478.579 units remaining)
    [ 4  	 ]
  - location: 211 (remaining gas: 1033478.436 units remaining)
    [ 1923  	
      4  	 ]
  - location: 214 (remaining gas: 1033478.226 units remaining)
    [ 1  	 ]
  - location: 216 (remaining gas: 1033478.019 units remaining)
    [ True  	 ]
  - location: 218 (remaining gas: 1033477.833 units remaining)
    [  ]
  - location: -1 (remaining gas: 1033477.762 units remaining)
    [  ]
  - location: 223 (remaining gas: 1033477.619 units remaining)
    [ "tz1KqTpEZ7Yob7QbPE4Hy4Wo8fHG8LhKxZSx"  	 ]
  - location: 226 (remaining gas: 1033477.486 units remaining)
    [ "tz1KqTpEZ7Yob7QbPE4Hy4Wo8fHG8LhKxZSx"  	
      "tz1KqTpEZ7Yob7QbPE4Hy4Wo8fHG8LhKxZSx"  	 ]
  - location: 227 (remaining gas: 1033477.298 units remaining)
    [ 0  	 ]
  - location: 229 (remaining gas: 1033477.091 units remaining)
    [ True  	 ]
  - location: 231 (remaining gas: 1033476.905 units remaining)
    [  ]
  - location: -1 (remaining gas: 1033476.834 units remaining)
    [  ]
  - location: 236 (remaining gas: 1033476.691 units remaining)
    [ "tz1ddb9NMYHZi5UzPdzTZMYQQZoMub195zgv"  	 ]
  - location: 239 (remaining gas: 1033476.548 units remaining)
    [ "tz1KqTpEZ7Yob7QbPE4Hy4Wo8fHG8LhKxZSx"  	
      "tz1ddb9NMYHZi5UzPdzTZMYQQZoMub195zgv"  	 ]
  - location: 242 (remaining gas: 1033476.360 units remaining)
    [ -1  	 ]
  - location: 244 (remaining gas: 1033476.153 units remaining)
    [ True  	 ]
  - location: 246 (remaining gas: 1033475.967 units remaining)
    [  ]
  - location: -1 (remaining gas: 1033475.896 units remaining)
    [  ]
  - location: 251 (remaining gas: 1033475.753 units remaining)
    [ "tz1KqTpEZ7Yob7QbPE4Hy4Wo8fHG8LhKxZSx"  	 ]
  - location: 254 (remaining gas: 1033475.610 units remaining)
    [ "tz1ddb9NMYHZi5UzPdzTZMYQQZoMub195zgv"  	
      "tz1KqTpEZ7Yob7QbPE4Hy4Wo8fHG8LhKxZSx"  	 ]
  - location: 257 (remaining gas: 1033475.422 units remaining)
    [ 1  	 ]
  - location: 259 (remaining gas: 1033475.215 units remaining)
    [ True  	 ]
  - location: 261 (remaining gas: 1033475.029 units remaining)
    [  ]
  - location: -1 (remaining gas: 1033474.958 units remaining)
    [  ]
  - location: 266 (remaining gas: 1033474.815 units remaining)
    [ 1  	 ]
  - location: 269 (remaining gas: 1033474.682 units remaining)
    [ 1  	
      1  	 ]
  - location: 270 (remaining gas: 1033474.520 units remaining)
    [ 0  	 ]
  - location: 272 (remaining gas: 1033474.313 units remaining)
    [ True  	 ]
  - location: 274 (remaining gas: 1033474.127 units remaining)
    [  ]
  - location: -1 (remaining gas: 1033474.056 units remaining)
    [  ]
  - location: 279 (remaining gas: 1033473.913 units remaining)
    [ 10  	 ]
  - location: 282 (remaining gas: 1033473.770 units remaining)
    [ 5  	
      10  	 ]
  - location: 285 (remaining gas: 1033473.608 units remaining)
    [ -1  	 ]
  - location: 287 (remaining gas: 1033473.401 units remaining)
    [ True  	 ]
  - location: 289 (remaining gas: 1033473.215 units remaining)
    [  ]
  - location: -1 (remaining gas: 1033473.144 units remaining)
    [  ]
  - location: 294 (remaining gas: 1033473.001 units remaining)
    [ 4  	 ]
  - location: 297 (remaining gas: 1033472.858 units remaining)
    [ 1923  	
      4  	 ]
  - location: 300 (remaining gas: 1033472.696 units remaining)
    [ 1  	 ]
  - location: 302 (remaining gas: 1033472.489 units remaining)
    [ True  	 ]
  - location: 304 (remaining gas: 1033472.303 units remaining)
    [  ]
  - location: -1 (remaining gas: 1033472.232 units remaining)
    [  ]
  - location: 309 (remaining gas: 1033472.089 units remaining)
    [ "AABBCC"  	 ]
  - location: 312 (remaining gas: 1033471.956 units remaining)
    [ "AABBCC"  	
      "AABBCC"  	 ]
  - location: 313 (remaining gas: 1033471.777 units remaining)
    [ 0  	 ]
  - location: 315 (remaining gas: 1033471.570 units remaining)
    [ True  	 ]
  - location: 317 (remaining gas: 1033471.384 units remaining)
    [  ]
  - location: -1 (remaining gas: 1033471.313 units remaining)
    [  ]
  - location: 322 (remaining gas: 1033471.170 units remaining)
    [ ""  	 ]
  - location: 325 (remaining gas: 1033471.027 units remaining)
    [ ""  	
      ""  	 ]
  - location: 328 (remaining gas: 1033470.848 units remaining)
    [ 0  	 ]
  - location: 330 (remaining gas: 1033470.641 units remaining)
    [ True  	 ]
  - location: 332 (remaining gas: 1033470.455 units remaining)
    [  ]
  - location: -1 (remaining gas: 1033470.384 units remaining)
    [  ]
  - location: 337 (remaining gas: 1033470.241 units remaining)
    [ ""  	 ]
  - location: 340 (remaining gas: 1033470.098 units remaining)
    [ "a"  	
      ""  	 ]
  - location: 343 (remaining gas: 1033469.919 units remaining)
    [ 1  	 ]
  - location: 345 (remaining gas: 1033469.712 units remaining)
    [ True  	 ]
  - location: 347 (remaining gas: 1033469.526 units remaining)
    [  ]
  - location: -1 (remaining gas: 1033469.455 units remaining)
    [  ]
  - location: 352 (remaining gas: 1033469.312 units remaining)
    [ "a"  	 ]
  - location: 355 (remaining gas: 1033469.169 units remaining)
    [ "b"  	
      "a"  	 ]
  - location: 358 (remaining gas: 1033468.990 units remaining)
    [ 1  	 ]
  - location: 360 (remaining gas: 1033468.783 units remaining)
    [ True  	 ]
  - location: 362 (remaining gas: 1033468.597 units remaining)
    [  ]
  - location: -1 (remaining gas: 1033468.526 units remaining)
    [  ]
  - location: 367 (remaining gas: 1033468.383 units remaining)
    [ "b"  	 ]
  - location: 370 (remaining gas: 1033468.240 units remaining)
    [ "a"  	
      "b"  	 ]
  - location: 373 (remaining gas: 1033468.061 units remaining)
    [ -1  	 ]
  - location: 375 (remaining gas: 1033467.854 units remaining)
    [ True  	 ]
  - location: 377 (remaining gas: 1033467.668 units remaining)
    [  ]
  - location: -1 (remaining gas: 1033467.597 units remaining)
    [  ]
  - location: 382 (remaining gas: 1033467.454 units remaining)
    [ "2019-09-16T08:38:05Z"  	 ]
  - location: 385 (remaining gas: 1033467.321 units remaining)
    [ "2019-09-16T08:38:05Z"  	
      "2019-09-16T08:38:05Z"  	 ]
  - location: 386 (remaining gas: 1033467.122 units remaining)
    [ 0  	 ]
  - location: 388 (remaining gas: 1033466.915 units remaining)
    [ True  	 ]
  - location: 390 (remaining gas: 1033466.729 units remaining)
    [  ]
  - location: -1 (remaining gas: 1033466.658 units remaining)
    [  ]
  - location: 395 (remaining gas: 1033466.515 units remaining)
    [ "2017-09-16T08:38:04Z"  	 ]
  - location: 398 (remaining gas: 1033466.372 units remaining)
    [ "2019-09-16T08:38:05Z"  	
      "2017-09-16T08:38:04Z"  	 ]
  - location: 401 (remaining gas: 1033466.173 units remaining)
    [ 1  	 ]
  - location: 403 (remaining gas: 1033465.966 units remaining)
    [ True  	 ]
  - location: 405 (remaining gas: 1033465.780 units remaining)
    [  ]
  - location: -1 (remaining gas: 1033465.709 units remaining)
    [  ]
  - location: 410 (remaining gas: 1033465.566 units remaining)
    [ "2019-09-16T08:38:05Z"  	 ]
  - location: 413 (remaining gas: 1033465.423 units remaining)
    [ "2019-09-16T08:38:04Z"  	
      "2019-09-16T08:38:05Z"  	 ]
  - location: 416 (remaining gas: 1033465.224 units remaining)
    [ -1  	 ]
  - location: 418 (remaining gas: 1033465.017 units remaining)
    [ True  	 ]
  - location: 420 (remaining gas: 1033464.831 units remaining)
    [  ]
  - location: -1 (remaining gas: 1033464.760 units remaining)
    [  ]
  - location: 425 (remaining gas: 1033464.617 units remaining)
    [ Unit  	 ]
  - location: 426 (remaining gas: 1033464.479 units remaining)
    [ {}  	
      Unit  	 ]
  - location: 428 (remaining gas: 1033464.339 units remaining)
    [ (Pair {} Unit)  	 ]
  - location: -1 (remaining gas: 1033464.268 units remaining)
    [ (Pair {} Unit)  	 ]

