tests/test_contract_opcodes.py::TestContractOpcodes::test_contract_input_output[abs.tz-Unit-0-Unit]

storage
  Unit
emitted operations
  
big_map diff
  
trace
  - location: 6 (remaining gas: 1039987.494 units remaining)
    [ (Pair 0 Unit)  	 ]
  - location: 7 (remaining gas: 1039987.363 units remaining)
    [ 0  	@parameter ]
  - location: 8 (remaining gas: 1039987.230 units remaining)
    [ 0  	@parameter
      0  	@parameter ]
  - location: 9 (remaining gas: 1039987.146 units remaining)
    [ 0  	
      0  	@parameter ]
  - location: 10 (remaining gas: 1039987.066 units remaining)
    [ 0  	
      0  	@parameter ]
  - location: 11 (remaining gas: 1039986.856 units remaining)
    [ 0  	 ]
  - location: 13 (remaining gas: 1039986.649 units remaining)
    [ True  	 ]
  - location: 15 (remaining gas: 1039986.463 units remaining)
    [  ]
  - location: -1 (remaining gas: 1039986.392 units remaining)
    [  ]
  - location: 20 (remaining gas: 1039986.249 units remaining)
    [ Unit  	 ]
  - location: 21 (remaining gas: 1039986.111 units remaining)
    [ {}  	
      Unit  	 ]
  - location: 23 (remaining gas: 1039985.971 units remaining)
    [ (Pair {} Unit)  	 ]
  - location: -1 (remaining gas: 1039985.900 units remaining)
    [ (Pair {} Unit)  	 ]

