tests/test_contract_opcodes.py::TestContractOpcodes::test_contract_input_output[big_map_mem_nat.tz-(Pair { Elt 1 4 ; Elt 2 11 } None)-2-(Pair 0 (Some True))0]

storage
  (Pair 0 (Some True))
emitted operations
  
big_map diff
  New map(0) of type (big_map nat nat)
  Set map(0)[1] to 4
  Set map(0)[2] to 11
trace
  - location: 11 (remaining gas: 1039983.277 units remaining)
    [ (Pair 2 (Pair { Elt 1 4 ; Elt 2 11 } None))  	 ]
  - location: 14 (remaining gas: 1039983.028 units remaining)
    [ (Pair 2 (Pair { Elt 1 4 ; Elt 2 11 } None))  	
      (Pair 2 (Pair { Elt 1 4 ; Elt 2 11 } None))  	 ]
  - location: 15 (remaining gas: 1039982.897 units remaining)
    [ 2  	@parameter
      (Pair 2 (Pair { Elt 1 4 ; Elt 2 11 } None))  	 ]
  - location: 18 (remaining gas: 1039982.599 units remaining)
    [ (Pair { Elt 1 4 ; Elt 2 11 } None)  	@storage ]
  - location: 17 (remaining gas: 1039982.528 units remaining)
    [ (Pair { Elt 1 4 ; Elt 2 11 } None)  	@storage ]
  - location: 16 (remaining gas: 1039982.528 units remaining)
    [ 2  	@parameter
      (Pair { Elt 1 4 ; Elt 2 11 } None)  	@storage ]
  - location: -1 (remaining gas: 1039982.457 units remaining)
    [ 2  	@parameter
      (Pair { Elt 1 4 ; Elt 2 11 } None)  	@storage ]
  - location: 12 (remaining gas: 1039982.386 units remaining)
    [ 2  	@parameter
      (Pair { Elt 1 4 ; Elt 2 11 } None)  	@storage ]
  - location: 21 (remaining gas: 1039982.097 units remaining)
    [ { Elt 1 4 ; Elt 2 11 }  	 ]
  - location: 22 (remaining gas: 1039981.964 units remaining)
    [ { Elt 1 4 ; Elt 2 11 }  	
      { Elt 1 4 ; Elt 2 11 }  	 ]
  - location: -1 (remaining gas: 1039981.893 units remaining)
    [ { Elt 1 4 ; Elt 2 11 }  	
      { Elt 1 4 ; Elt 2 11 }  	 ]
  - location: 19 (remaining gas: 1039981.893 units remaining)
    [ 2  	@parameter
      { Elt 1 4 ; Elt 2 11 }  	
      { Elt 1 4 ; Elt 2 11 }  	 ]
  - location: 23 (remaining gas: 1039981.835 units remaining)
    [ True  	
      { Elt 1 4 ; Elt 2 11 }  	 ]
  - location: 24 (remaining gas: 1039981.703 units remaining)
    [ (Some True)  	
      { Elt 1 4 ; Elt 2 11 }  	 ]
  - location: 25 (remaining gas: 1039981.573 units remaining)
    [ { Elt 1 4 ; Elt 2 11 }  	
      (Some True)  	 ]
  - location: 26 (remaining gas: 1039981.433 units remaining)
    [ (Pair { Elt 1 4 ; Elt 2 11 } (Some True))  	 ]
  - location: 27 (remaining gas: 1039981.295 units remaining)
    [ {}  	
      (Pair { Elt 1 4 ; Elt 2 11 } (Some True))  	 ]
  - location: 29 (remaining gas: 1039981.155 units remaining)
    [ (Pair {} (Pair { Elt 1 4 ; Elt 2 11 } (Some True)))  	 ]
  - location: -1 (remaining gas: 1039981.084 units remaining)
    [ (Pair {} (Pair { Elt 1 4 ; Elt 2 11 } (Some True)))  	 ]

