tests/test_contract_opcodes.py::TestContractOpcodes::test_contract_input_output[add.tz-Unit-Unit-Unit]

storage
  Unit
emitted operations
  
big_map diff
  
trace
  - location: 6 (remaining gas: 1039918.167 units remaining)
    [ (Pair Unit Unit)  	 ]
  - location: 7 (remaining gas: 1039918.036 units remaining)
    [ Unit  	@parameter ]
  - location: 8 (remaining gas: 1039917.893 units remaining)
    [ 2  	
      Unit  	@parameter ]
  - location: 11 (remaining gas: 1039917.750 units remaining)
    [ 2  	
      2  	
      Unit  	@parameter ]
  - location: 14 (remaining gas: 1039917.692 units remaining)
    [ 4  	
      Unit  	@parameter ]
  - location: 15 (remaining gas: 1039917.549 units remaining)
    [ 4  	
      4  	
      Unit  	@parameter ]
  - location: 20 (remaining gas: 1039917.223 units remaining)
    [ 0  	
      Unit  	@parameter ]
  - location: 21 (remaining gas: 1039917.074 units remaining)
    [ True  	
      Unit  	@parameter ]
  - location: -1 (remaining gas: 1039917.003 units remaining)
    [ True  	
      Unit  	@parameter ]
  - location: 23 (remaining gas: 1039916.817 units remaining)
    [ Unit  	@parameter ]
  - location: -1 (remaining gas: 1039916.746 units remaining)
    [ Unit  	@parameter ]
  - location: 28 (remaining gas: 1039916.603 units remaining)
    [ 2  	
      Unit  	@parameter ]
  - location: 31 (remaining gas: 1039916.460 units remaining)
    [ 2  	
      2  	
      Unit  	@parameter ]
  - location: 34 (remaining gas: 1039916.402 units remaining)
    [ 4  	
      Unit  	@parameter ]
  - location: 35 (remaining gas: 1039916.259 units remaining)
    [ 4  	
      4  	
      Unit  	@parameter ]
  - location: 40 (remaining gas: 1039915.933 units remaining)
    [ 0  	
      Unit  	@parameter ]
  - location: 41 (remaining gas: 1039915.784 units remaining)
    [ True  	
      Unit  	@parameter ]
  - location: -1 (remaining gas: 1039915.713 units remaining)
    [ True  	
      Unit  	@parameter ]
  - location: 43 (remaining gas: 1039915.527 units remaining)
    [ Unit  	@parameter ]
  - location: -1 (remaining gas: 1039915.456 units remaining)
    [ Unit  	@parameter ]
  - location: 48 (remaining gas: 1039915.313 units remaining)
    [ 2  	
      Unit  	@parameter ]
  - location: 51 (remaining gas: 1039915.170 units remaining)
    [ 2  	
      2  	
      Unit  	@parameter ]
  - location: 54 (remaining gas: 1039915.112 units remaining)
    [ 4  	
      Unit  	@parameter ]
  - location: 55 (remaining gas: 1039914.969 units remaining)
    [ 4  	
      4  	
      Unit  	@parameter ]
  - location: 60 (remaining gas: 1039914.643 units remaining)
    [ 0  	
      Unit  	@parameter ]
  - location: 61 (remaining gas: 1039914.494 units remaining)
    [ True  	
      Unit  	@parameter ]
  - location: -1 (remaining gas: 1039914.423 units remaining)
    [ True  	
      Unit  	@parameter ]
  - location: 63 (remaining gas: 1039914.237 units remaining)
    [ Unit  	@parameter ]
  - location: -1 (remaining gas: 1039914.166 units remaining)
    [ Unit  	@parameter ]
  - location: 68 (remaining gas: 1039914.023 units remaining)
    [ 2  	
      Unit  	@parameter ]
  - location: 71 (remaining gas: 1039913.880 units remaining)
    [ 2  	
      2  	
      Unit  	@parameter ]
  - location: 74 (remaining gas: 1039913.822 units remaining)
    [ 4  	
      Unit  	@parameter ]
  - location: 75 (remaining gas: 1039913.679 units remaining)
    [ 4  	
      4  	
      Unit  	@parameter ]
  - location: 80 (remaining gas: 1039913.353 units remaining)
    [ 0  	
      Unit  	@parameter ]
  - location: 81 (remaining gas: 1039913.204 units remaining)
    [ True  	
      Unit  	@parameter ]
  - location: -1 (remaining gas: 1039913.133 units remaining)
    [ True  	
      Unit  	@parameter ]
  - location: 83 (remaining gas: 1039912.947 units remaining)
    [ Unit  	@parameter ]
  - location: -1 (remaining gas: 1039912.876 units remaining)
    [ Unit  	@parameter ]
  - location: 88 (remaining gas: 1039912.733 units remaining)
    [ 2  	
      Unit  	@parameter ]
  - location: 91 (remaining gas: 1039912.590 units remaining)
    [ 2  	
      2  	
      Unit  	@parameter ]
  - location: 94 (remaining gas: 1039912.532 units remaining)
    [ 4  	
      Unit  	@parameter ]
  - location: 95 (remaining gas: 1039912.389 units remaining)
    [ 4  	
      4  	
      Unit  	@parameter ]
  - location: 100 (remaining gas: 1039912.063 units remaining)
    [ 0  	
      Unit  	@parameter ]
  - location: 101 (remaining gas: 1039911.914 units remaining)
    [ True  	
      Unit  	@parameter ]
  - location: -1 (remaining gas: 1039911.843 units remaining)
    [ True  	
      Unit  	@parameter ]
  - location: 103 (remaining gas: 1039911.657 units remaining)
    [ Unit  	@parameter ]
  - location: -1 (remaining gas: 1039911.586 units remaining)
    [ Unit  	@parameter ]
  - location: 108 (remaining gas: 1039911.443 units remaining)
    [ 60  	
      Unit  	@parameter ]
  - location: 111 (remaining gas: 1039911.300 units remaining)
    [ "2019-09-09T12:08:37Z"  	
      60  	
      Unit  	@parameter ]
  - location: 114 (remaining gas: 1039911.242 units remaining)
    [ "2019-09-09T12:09:37Z"  	
      Unit  	@parameter ]
  - location: 115 (remaining gas: 1039911.099 units remaining)
    [ "2019-09-09T12:09:37Z"  	
      "2019-09-09T12:09:37Z"  	
      Unit  	@parameter ]
  - location: 120 (remaining gas: 1039910.784 units remaining)
    [ 0  	
      Unit  	@parameter ]
  - location: 121 (remaining gas: 1039910.635 units remaining)
    [ True  	
      Unit  	@parameter ]
  - location: -1 (remaining gas: 1039910.564 units remaining)
    [ True  	
      Unit  	@parameter ]
  - location: 123 (remaining gas: 1039910.378 units remaining)
    [ Unit  	@parameter ]
  - location: -1 (remaining gas: 1039910.307 units remaining)
    [ Unit  	@parameter ]
  - location: 128 (remaining gas: 1039910.164 units remaining)
    [ "2019-09-09T12:08:37Z"  	
      Unit  	@parameter ]
  - location: 131 (remaining gas: 1039910.021 units remaining)
    [ 60  	
      "2019-09-09T12:08:37Z"  	
      Unit  	@parameter ]
  - location: 134 (remaining gas: 1039909.963 units remaining)
    [ "2019-09-09T12:09:37Z"  	
      Unit  	@parameter ]
  - location: 135 (remaining gas: 1039909.820 units remaining)
    [ "2019-09-09T12:09:37Z"  	
      "2019-09-09T12:09:37Z"  	
      Unit  	@parameter ]
  - location: 140 (remaining gas: 1039909.505 units remaining)
    [ 0  	
      Unit  	@parameter ]
  - location: 141 (remaining gas: 1039909.356 units remaining)
    [ True  	
      Unit  	@parameter ]
  - location: -1 (remaining gas: 1039909.285 units remaining)
    [ True  	
      Unit  	@parameter ]
  - location: 143 (remaining gas: 1039909.099 units remaining)
    [ Unit  	@parameter ]
  - location: -1 (remaining gas: 1039909.028 units remaining)
    [ Unit  	@parameter ]
  - location: 148 (remaining gas: 1039908.885 units remaining)
    [ 1000  	
      Unit  	@parameter ]
  - location: 151 (remaining gas: 1039908.742 units remaining)
    [ 1000  	
      1000  	
      Unit  	@parameter ]
  - location: 154 (remaining gas: 1039908.589 units remaining)
    [ 2000  	
      Unit  	@parameter ]
  - location: 155 (remaining gas: 1039908.446 units remaining)
    [ 2000  	
      2000  	
      Unit  	@parameter ]
  - location: 160 (remaining gas: 1039908.168 units remaining)
    [ 0  	
      Unit  	@parameter ]
  - location: 161 (remaining gas: 1039908.019 units remaining)
    [ True  	
      Unit  	@parameter ]
  - location: -1 (remaining gas: 1039907.948 units remaining)
    [ True  	
      Unit  	@parameter ]
  - location: 163 (remaining gas: 1039907.762 units remaining)
    [ Unit  	@parameter ]
  - location: -1 (remaining gas: 1039907.691 units remaining)
    [ Unit  	@parameter ]
  - location: 168 (remaining gas: 1039907.553 units remaining)
    [ {}  	
      Unit  	@parameter ]
  - location: 170 (remaining gas: 1039907.413 units remaining)
    [ (Pair {} Unit)  	 ]
  - location: -1 (remaining gas: 1039907.342 units remaining)
    [ (Pair {} Unit)  	 ]

