tests/test_contract_opcodes.py::TestContractOpcodes::test_contract_input_output[map_mem_nat.tz-(Pair { Elt 1 0 } None)-1-(Pair { Elt 1 0 } (Some True))]

storage
  (Pair { Elt 1 0 } (Some True))
emitted operations
  
big_map diff
  
trace
  - location: 11 (remaining gas: 1039342 units remaining)
    [ (Pair 1 (Pair { Elt 1 0 } None))  	 ]
  - location: 14 (remaining gas: 1039341.751 units remaining)
    [ (Pair 1 (Pair { Elt 1 0 } None))  	
      (Pair 1 (Pair { Elt 1 0 } None))  	 ]
  - location: 15 (remaining gas: 1039341.620 units remaining)
    [ 1  	@parameter
      (Pair 1 (Pair { Elt 1 0 } None))  	 ]
  - location: 18 (remaining gas: 1039341.322 units remaining)
    [ (Pair { Elt 1 0 } None)  	@storage ]
  - location: 17 (remaining gas: 1039341.251 units remaining)
    [ (Pair { Elt 1 0 } None)  	@storage ]
  - location: 16 (remaining gas: 1039341.251 units remaining)
    [ 1  	@parameter
      (Pair { Elt 1 0 } None)  	@storage ]
  - location: -1 (remaining gas: 1039341.180 units remaining)
    [ 1  	@parameter
      (Pair { Elt 1 0 } None)  	@storage ]
  - location: 12 (remaining gas: 1039341.109 units remaining)
    [ 1  	@parameter
      (Pair { Elt 1 0 } None)  	@storage ]
  - location: 21 (remaining gas: 1039340.820 units remaining)
    [ { Elt 1 0 }  	 ]
  - location: 22 (remaining gas: 1039340.687 units remaining)
    [ { Elt 1 0 }  	
      { Elt 1 0 }  	 ]
  - location: -1 (remaining gas: 1039340.616 units remaining)
    [ { Elt 1 0 }  	
      { Elt 1 0 }  	 ]
  - location: 19 (remaining gas: 1039340.616 units remaining)
    [ 1  	@parameter
      { Elt 1 0 }  	
      { Elt 1 0 }  	 ]
  - location: 23 (remaining gas: 1039340.558 units remaining)
    [ True  	
      { Elt 1 0 }  	 ]
  - location: 24 (remaining gas: 1039340.426 units remaining)
    [ (Some True)  	
      { Elt 1 0 }  	 ]
  - location: 25 (remaining gas: 1039340.296 units remaining)
    [ { Elt 1 0 }  	
      (Some True)  	 ]
  - location: 26 (remaining gas: 1039340.156 units remaining)
    [ (Pair { Elt 1 0 } (Some True))  	 ]
  - location: 27 (remaining gas: 1039340.018 units remaining)
    [ {}  	
      (Pair { Elt 1 0 } (Some True))  	 ]
  - location: 29 (remaining gas: 1039339.878 units remaining)
    [ (Pair {} (Pair { Elt 1 0 } (Some True)))  	 ]
  - location: -1 (remaining gas: 1039339.807 units remaining)
    [ (Pair {} (Pair { Elt 1 0 } (Some True)))  	 ]

