tests/test_contract_opcodes.py::TestContractOpcodes::test_contract_input_output[big_map_mem_string.tz-(Pair { Elt "bar" 4 ; Elt "foo" 11 } None)-"foo"-(Pair 0 (Some True))]

storage
  (Pair 0 (Some True))
emitted operations
  
big_map diff
  New map(0) of type (big_map string nat)
  Set map(0)["bar"] to 4
  Set map(0)["foo"] to 11
trace
  - location: 11 (remaining gas: 1039983.145 units remaining)
    [ (Pair "foo" (Pair { Elt "bar" 4 ; Elt "foo" 11 } None))  	 ]
  - location: 14 (remaining gas: 1039982.896 units remaining)
    [ (Pair "foo" (Pair { Elt "bar" 4 ; Elt "foo" 11 } None))  	
      (Pair "foo" (Pair { Elt "bar" 4 ; Elt "foo" 11 } None))  	 ]
  - location: 15 (remaining gas: 1039982.765 units remaining)
    [ "foo"  	@parameter
      (Pair "foo" (Pair { Elt "bar" 4 ; Elt "foo" 11 } None))  	 ]
  - location: 18 (remaining gas: 1039982.467 units remaining)
    [ (Pair { Elt "bar" 4 ; Elt "foo" 11 } None)  	@storage ]
  - location: 17 (remaining gas: 1039982.396 units remaining)
    [ (Pair { Elt "bar" 4 ; Elt "foo" 11 } None)  	@storage ]
  - location: 16 (remaining gas: 1039982.396 units remaining)
    [ "foo"  	@parameter
      (Pair { Elt "bar" 4 ; Elt "foo" 11 } None)  	@storage ]
  - location: -1 (remaining gas: 1039982.325 units remaining)
    [ "foo"  	@parameter
      (Pair { Elt "bar" 4 ; Elt "foo" 11 } None)  	@storage ]
  - location: 12 (remaining gas: 1039982.254 units remaining)
    [ "foo"  	@parameter
      (Pair { Elt "bar" 4 ; Elt "foo" 11 } None)  	@storage ]
  - location: 21 (remaining gas: 1039981.965 units remaining)
    [ { Elt "bar" 4 ; Elt "foo" 11 }  	 ]
  - location: 22 (remaining gas: 1039981.832 units remaining)
    [ { Elt "bar" 4 ; Elt "foo" 11 }  	
      { Elt "bar" 4 ; Elt "foo" 11 }  	 ]
  - location: -1 (remaining gas: 1039981.761 units remaining)
    [ { Elt "bar" 4 ; Elt "foo" 11 }  	
      { Elt "bar" 4 ; Elt "foo" 11 }  	 ]
  - location: 19 (remaining gas: 1039981.761 units remaining)
    [ "foo"  	@parameter
      { Elt "bar" 4 ; Elt "foo" 11 }  	
      { Elt "bar" 4 ; Elt "foo" 11 }  	 ]
  - location: 23 (remaining gas: 1039981.703 units remaining)
    [ True  	
      { Elt "bar" 4 ; Elt "foo" 11 }  	 ]
  - location: 24 (remaining gas: 1039981.571 units remaining)
    [ (Some True)  	
      { Elt "bar" 4 ; Elt "foo" 11 }  	 ]
  - location: 25 (remaining gas: 1039981.441 units remaining)
    [ { Elt "bar" 4 ; Elt "foo" 11 }  	
      (Some True)  	 ]
  - location: 26 (remaining gas: 1039981.301 units remaining)
    [ (Pair { Elt "bar" 4 ; Elt "foo" 11 } (Some True))  	 ]
  - location: 27 (remaining gas: 1039981.163 units remaining)
    [ {}  	
      (Pair { Elt "bar" 4 ; Elt "foo" 11 } (Some True))  	 ]
  - location: 29 (remaining gas: 1039981.023 units remaining)
    [ (Pair {} (Pair { Elt "bar" 4 ; Elt "foo" 11 } (Some True)))  	 ]
  - location: -1 (remaining gas: 1039980.952 units remaining)
    [ (Pair {} (Pair { Elt "bar" 4 ; Elt "foo" 11 } (Some True)))  	 ]

